Component: ARM Compiler 5.06 update 5 (build 528) Tool: armlink [4d35e2]

==============================================================================

Section Cross References

    startup_stm32h750xx.o(RESET) refers to startup_stm32h750xx.o(STACK) for __initial_sp
    startup_stm32h750xx.o(RESET) refers to startup_stm32h750xx.o(.text) for Reset_Handler
    startup_stm32h750xx.o(RESET) refers to stm32h7xx_it.o(i.NMI_Handler) for NMI_Handler
    startup_stm32h750xx.o(RESET) refers to stm32h7xx_it.o(i.HardFault_Handler) for HardFault_Handler
    startup_stm32h750xx.o(RESET) refers to stm32h7xx_it.o(i.MemManage_Handler) for MemManage_Handler
    startup_stm32h750xx.o(RESET) refers to stm32h7xx_it.o(i.BusFault_Handler) for BusFault_Handler
    startup_stm32h750xx.o(RESET) refers to stm32h7xx_it.o(i.UsageFault_Handler) for UsageFault_Handler
    startup_stm32h750xx.o(RESET) refers to stm32h7xx_it.o(i.SVC_Handler) for SVC_Handler
    startup_stm32h750xx.o(RESET) refers to stm32h7xx_it.o(i.DebugMon_Handler) for DebugMon_Handler
    startup_stm32h750xx.o(RESET) refers to stm32h7xx_it.o(i.PendSV_Handler) for PendSV_Handler
    startup_stm32h750xx.o(RESET) refers to stm32h7xx_it.o(i.SysTick_Handler) for SysTick_Handler
    startup_stm32h750xx.o(RESET) refers to stm32h7xx_it.o(i.EXTI1_IRQHandler) for EXTI1_IRQHandler
    startup_stm32h750xx.o(RESET) refers to stm32h7xx_it.o(i.EXTI3_IRQHandler) for EXTI3_IRQHandler
    startup_stm32h750xx.o(RESET) refers to stm32h7xx_it.o(i.DMA1_Stream1_IRQHandler) for DMA1_Stream1_IRQHandler
    startup_stm32h750xx.o(RESET) refers to stm32h7xx_it.o(i.ADC_IRQHandler) for ADC_IRQHandler
    startup_stm32h750xx.o(RESET) refers to stm32h7xx_it.o(i.USART1_IRQHandler) for USART1_IRQHandler
    startup_stm32h750xx.o(RESET) refers to stm32h7xx_it.o(i.EXTI15_10_IRQHandler) for EXTI15_10_IRQHandler
    startup_stm32h750xx.o(RESET) refers to stm32h7xx_it.o(i.TIM8_UP_TIM13_IRQHandler) for TIM8_UP_TIM13_IRQHandler
    startup_stm32h750xx.o(RESET) refers to stm32h7xx_it.o(i.TIM6_DAC_IRQHandler) for TIM6_DAC_IRQHandler
    startup_stm32h750xx.o(.text) refers to system_stm32h7xx.o(i.SystemInit) for SystemInit
    startup_stm32h750xx.o(.text) refers to entry.o(.ARM.Collect$$$$00000000) for __main
    main.o(i.HAL_ADC_ConvCpltCallback) refers to main.o(.data) for .data
    main.o(i.HAL_GPIO_EXTI_Callback) refers to iis3dwb.o(.data) for IIS3DWBTR_INT2flag
    main.o(i.HAL_GPIO_EXTI_Callback) refers to ads124s08.o(.data) for ADS124S08S_NVICflag
    main.o(i.HAL_GPIO_EXTI_Callback) refers to iis3dwb.o(.data) for IIS3DWBTR_INT1flag
    main.o(i.HAL_TIM_PeriodElapsedCallback) refers to memcpya.o(.text) for __aeabi_memcpy
    main.o(i.HAL_TIM_PeriodElapsedCallback) refers to stm32h7xx_hal.o(i.HAL_GetTick) for HAL_GetTick
    main.o(i.HAL_TIM_PeriodElapsedCallback) refers to ads124s08.o(i.ADS124S08_Start) for ADS124S08_Start
    main.o(i.HAL_TIM_PeriodElapsedCallback) refers to ads124s08.o(i.start_buffer_transmit) for start_buffer_transmit
    main.o(i.HAL_TIM_PeriodElapsedCallback) refers to tim.o(.bss) for htim6
    main.o(i.HAL_TIM_PeriodElapsedCallback) refers to ads124s08.o(.data) for buffer_manager
    main.o(i.PeriphCommonClock_Config) refers to memseta.o(.text) for __aeabi_memclr4
    main.o(i.PeriphCommonClock_Config) refers to stm32h7xx_hal_rcc_ex.o(i.HAL_RCCEx_PeriphCLKConfig) for HAL_RCCEx_PeriphCLKConfig
    main.o(i.SystemClock_Config) refers to memseta.o(.text) for __aeabi_memclr4
    main.o(i.SystemClock_Config) refers to stm32h7xx_hal_pwr_ex.o(i.HAL_PWREx_ConfigSupply) for HAL_PWREx_ConfigSupply
    main.o(i.SystemClock_Config) refers to stm32h7xx_hal_rcc.o(i.HAL_RCC_OscConfig) for HAL_RCC_OscConfig
    main.o(i.SystemClock_Config) refers to stm32h7xx_hal_rcc.o(i.HAL_RCC_ClockConfig) for HAL_RCC_ClockConfig
    main.o(i.main) refers to stm32h7xx_hal.o(i.HAL_Init) for HAL_Init
    main.o(i.main) refers to main.o(i.SystemClock_Config) for SystemClock_Config
    main.o(i.main) refers to main.o(i.PeriphCommonClock_Config) for PeriphCommonClock_Config
    main.o(i.main) refers to gpio.o(i.MX_GPIO_Init) for MX_GPIO_Init
    main.o(i.main) refers to adc.o(i.MX_ADC1_Init) for MX_ADC1_Init
    main.o(i.main) refers to spi.o(i.MX_SPI1_Init) for MX_SPI1_Init
    main.o(i.main) refers to spi.o(i.MX_SPI4_Init) for MX_SPI4_Init
    main.o(i.main) refers to dma.o(i.MX_DMA_Init) for MX_DMA_Init
    main.o(i.main) refers to usart.o(i.MX_USART1_UART_Init) for MX_USART1_UART_Init
    main.o(i.main) refers to i2c.o(i.MX_I2C2_Init) for MX_I2C2_Init
    main.o(i.main) refers to tim.o(i.MX_TIM6_Init) for MX_TIM6_Init
    main.o(i.main) refers to tim.o(i.MX_TIM8_Init) for MX_TIM8_Init
    main.o(i.main) refers to tim.o(i.MX_TIM13_Init) for MX_TIM13_Init
    main.o(i.main) refers to wdg.o(i.iwdg_init) for iwdg_init
    main.o(i.main) refers to ads124s08.o(i.ADS124S08_Init) for ADS124S08_Init
    main.o(i.main) refers to iis3dwb.o(i.IIS3DWB_GPIO_Init) for IIS3DWB_GPIO_Init
[...]
    LL_ADC_REG_IsConversionOngoing           0x080067dd   Thumb Code     8  stm32h7xx_hal_adc.o(i.LL_ADC_REG_IsConversionOngoing)
    i.LL_ADC_REG_IsConversionOngoing         0x080067e4   Section        0  stm32h7xx_hal_adc_ex.o(i.LL_ADC_REG_IsConversionOngoing)
    LL_ADC_REG_IsConversionOngoing           0x080067e5   Thumb Code     8  stm32h7xx_hal_adc_ex.o(i.LL_ADC_REG_IsConversionOngoing)
    i.LL_ADC_REG_IsTriggerSourceSWStart      0x080067ec   Section        0  stm32h7xx_hal_adc.o(i.LL_ADC_REG_IsTriggerSourceSWStart)
    LL_ADC_REG_IsTriggerSourceSWStart        0x080067ed   Thumb Code    16  stm32h7xx_hal_adc.o(i.LL_ADC_REG_IsTriggerSourceSWStart)
    i.LL_ADC_SetChannelSamplingTime          0x080067fc   Section        0  stm32h7xx_hal_adc.o(i.LL_ADC_SetChannelSamplingTime)
    LL_ADC_SetChannelSamplingTime            0x080067fd   Thumb Code    30  stm32h7xx_hal_adc.o(i.LL_ADC_SetChannelSamplingTime)
    i.MX_ADC1_Init                           0x0800681c   Section        0  adc.o(i.MX_ADC1_Init)
    i.MX_DMA_Init                            0x080068b4   Section        0  dma.o(i.MX_DMA_Init)
    i.MX_GPIO_Init                           0x080068e0   Section        0  gpio.o(i.MX_GPIO_Init)
    i.MX_I2C2_Init                           0x08006978   Section        0  i2c.o(i.MX_I2C2_Init)
    i.MX_SPI1_Init                           0x080069d0   Section        0  spi.o(i.MX_SPI1_Init)
    i.MX_SPI4_Init                           0x08006a30   Section        0  spi.o(i.MX_SPI4_Init)
    i.MX_TIM13_Init                          0x08006a98   Section        0  tim.o(i.MX_TIM13_Init)
    i.MX_TIM6_Init                           0x08006acc   Section        0  tim.o(i.MX_TIM6_Init)
    i.MX_TIM8_Init                           0x08006b18   Section        0  tim.o(i.MX_TIM8_Init)
    i.MX_USART1_UART_Init                    0x08006b88   Section        0  usart.o(i.MX_USART1_UART_Init)
    i.MemManage_Handler                      0x08006bf4   Section        0  stm32h7xx_it.o(i.MemManage_Handler)
    i.NMI_Handler                            0x08006bf6   Section        0  stm32h7xx_it.o(i.NMI_Handler)
    i.PendSV_Handler                         0x08006bf8   Section        0  stm32h7xx_it.o(i.PendSV_Handler)
    i.PeriphCommonClock_Config               0x08006bfa   Section        0  main.o(i.PeriphCommonClock_Config)
    i.RCCEx_PLL2_Config                      0x08006c24   Section        0  stm32h7xx_hal_rcc_ex.o(i.RCCEx_PLL2_Config)
    RCCEx_PLL2_Config                        0x08006c25   Thumb Code   284  stm32h7xx_hal_rcc_ex.o(i.RCCEx_PLL2_Config)
    i.RCCEx_PLL3_Config                      0x08006d44   Section        0  stm32h7xx_hal_rcc_ex.o(i.RCCEx_PLL3_Config)
    RCCEx_PLL3_Config                        0x08006d45   Thumb Code   284  stm32h7xx_hal_rcc_ex.o(i.RCCEx_PLL3_Config)
    i.SPI_CloseTransfer                      0x08006e64   Section        0  stm32h7xx_hal_spi.o(i.SPI_CloseTransfer)
    SPI_CloseTransfer                        0x08006e65   Thumb Code   188  stm32h7xx_hal_spi.o(i.SPI_CloseTransfer)
    i.SPI_WaitOnFlagUntilTimeout             0x08006f20   Section        0  stm32h7xx_hal_spi.o(i.SPI_WaitOnFlagUntilTimeout)
    SPI_WaitOnFlagUntilTimeout               0x08006f21   Thumb Code    66  stm32h7xx_hal_spi.o(i.SPI_WaitOnFlagUntilTimeout)
    i.SVC_Handler                            0x08006f62   Section        0  stm32h7xx_it.o(i.SVC_Handler)
    i.SysTick_Handler                        0x08006f64   Section        0  stm32h7xx_it.o(i.SysTick_Handler)
    i.SystemClock_Config                     0x08006f68   Section        0  main.o(i.SystemClock_Config)
    i.SystemInit                             0x0800704c   Section        0  system_stm32h7xx.o(i.SystemInit)
    i.TIM6_DAC_IRQHandler                    0x08007128   Section        0  stm32h7xx_it.o(i.TIM6_DAC_IRQHandler)
    i.TIM8_UP_TIM13_IRQHandler               0x08007134   Section        0  stm32h7xx_it.o(i.TIM8_UP_TIM13_IRQHandler)
    i.TIM_Base_SetConfig                     0x08007150   Section        0  stm32h7xx_hal_tim.o(i.TIM_Base_SetConfig)
    i.TIM_ETR_SetConfig                      0x08007214   Section        0  stm32h7xx_hal_tim.o(i.TIM_ETR_SetConfig)
    i.TIM_ITRx_SetConfig                     0x08007228   Section        0  stm32h7xx_hal_tim.o(i.TIM_ITRx_SetConfig)
    TIM_ITRx_SetConfig                       0x08007229   Thumb Code    16  stm32h7xx_hal_tim.o(i.TIM_ITRx_SetConfig)
    i.TIM_TI1_ConfigInputStage               0x0800723c   Section        0  stm32h7xx_hal_tim.o(i.TIM_TI1_ConfigInputStage)
    TIM_TI1_ConfigInputStage                 0x0800723d   Thumb Code    34  stm32h7xx_hal_tim.o(i.TIM_TI1_ConfigInputStage)
    i.TIM_TI2_ConfigInputStage               0x0800725e   Section        0  stm32h7xx_hal_tim.o(i.TIM_TI2_ConfigInputStage)
    TIM_TI2_ConfigInputStage                 0x0800725f   Thumb Code    36  stm32h7xx_hal_tim.o(i.TIM_TI2_ConfigInputStage)
    i.TMP117_Get_Temp                        0x08007284   Section        0  tmp117.o(i.TMP117_Get_Temp)
    i.TMP117_Read                            0x080072b0   Section        0  tmp117.o(i.TMP117_Read)
    i.UARTEx_SetNbDataToProcess              0x080072f0   Section        0  stm32h7xx_hal_uart_ex.o(i.UARTEx_SetNbDataToProcess)
    UARTEx_SetNbDataToProcess                0x080072f1   Thumb Code    62  stm32h7xx_hal_uart_ex.o(i.UARTEx_SetNbDataToProcess)
    i.UART_AdvFeatureConfig                  0x08007334   Section        0  stm32h7xx_hal_uart.o(i.UART_AdvFeatureConfig)
    i.UART_CheckIdleState                    0x080073fc   Section        0  stm32h7xx_hal_uart.o(i.UART_CheckIdleState)
    i.UART_DMAAbortOnError                   0x0800745c   Section        0  stm32h7xx_hal_uart.o(i.UART_DMAAbortOnError)
    UART_DMAAbortOnError                     0x0800745d   Thumb Code    20  stm32h7xx_hal_uart.o(i.UART_DMAAbortOnError)
    i.UART_DMAError                          0x08007470   Section        0  stm32h7xx_hal_uart.o(i.UART_DMAError)
    UART_DMAError                            0x08007471   Thumb Code    78  stm32h7xx_hal_uart.o(i.UART_DMAError)
    i.UART_DMATransmitCplt                   0x080074be   Section        0  stm32h7xx_hal_uart.o(i.UART_DMATransmitCplt)
    UART_DMATransmitCplt                     0x080074bf   Thumb Code    64  stm32h7xx_hal_uart.o(i.UART_DMATransmitCplt)
    i.UART_DMATxHalfCplt                     0x080074fe   Section        0  stm32h7xx_hal_uart.o(i.UART_DMATxHalfCplt)
    UART_DMATxHalfCplt                       0x080074ff   Thumb Code    10  stm32h7xx_hal_uart.o(i.UART_DMATxHalfCplt)
    i.UART_EndRxTransfer                     0x08007508   Section        0  stm32h7xx_hal_uart.o(i.UART_EndRxTransfer)
    UART_EndRxTransfer                       0x08007509   Thumb Code    78  stm32h7xx_hal_uart.o(i.UART_EndRxTransfer)
    i.UART_EndTxTransfer                     0x0800755c   Section        0  stm32h7xx_hal_uart.o(i.UART_EndTxTransfer)
    UART_EndTxTransfer                       0x0800755d   Thumb Code    46  stm32h7xx_hal_uart.o(i.UART_EndTxTransfer)
    i.UART_SetConfig                         0x0800758c   Section        0  stm32h7xx_hal_uart.o(i.UART_SetConfig)
    i.UART_WaitOnFlagUntilTimeout            0x08007938   Section        0  stm32h7xx_hal_uart.o(i.UART_WaitOnFlagUntilTimeout)
    i.USART1_IRQHandler                      0x08007a04   Section        0  stm32h7xx_it.o(i.USART1_IRQHandler)
    i.UsageFault_Handler                     0x08007a10   Section        0  stm32h7xx_it.o(i.UsageFault_Handler)
    i.__NVIC_SetPriority                     0x08007a12   Section        0  stm32h7xx_hal_cortex.o(i.__NVIC_SetPriority)
    __NVIC_SetPriority                       0x08007a13   Thumb Code    34  stm32h7xx_hal_cortex.o(i.__NVIC_SetPriority)
    i.__scatterload_copy                     0x08007a34   Section       14  handlers.o(i.__scatterload_copy)
    i.__scatterload_null                     0x08007a42   Section        2  handlers.o(i.__scatterload_null)
    i.__scatterload_zeroinit                 0x08007a44   Section       14  handlers.o(i.__scatterload_zeroinit)
    i.iis3dwb_block_data_update_set          0x08007a52   Section        0  iis3dwb_reg.o(i.iis3dwb_block_data_update_set)
    i.iis3dwb_device_id_get                  0x08007a80   Section        0  iis3dwb_reg.o(i.iis3dwb_device_id_get)
    i.iis3dwb_fifo                           0x08007a90   Section        0  iis3dwb.o(i.iis3dwb_fifo)
    i.iis3dwb_fifo_mode_set                  0x08007b4c   Section        0  iis3dwb_reg.o(i.iis3dwb_fifo_mode_set)
    i.iis3dwb_fifo_out_multi_raw_get         0x08007b7a   Section        0  iis3dwb_reg.o(i.iis3dwb_fifo_out_multi_raw_get)
    i.iis3dwb_fifo_status_get                0x08007b8c   Section        0  iis3dwb_reg.o(i.iis3dwb_fifo_status_get)
    i.iis3dwb_fifo_watermark_set             0x08007bde   Section        0  iis3dwb_reg.o(i.iis3dwb_fifo_watermark_set)
    i.iis3dwb_fifo_xl_batch_set              0x08007c22   Section        0  iis3dwb_reg.o(i.iis3dwb_fifo_xl_batch_set)
    i.iis3dwb_int_notification_set           0x08007c50   Section        0  iis3dwb_reg.o(i.iis3dwb_int_notification_set)
    i.iis3dwb_pin_int1_route_set             0x08007c7e   Section        0  iis3dwb_reg.o(i.iis3dwb_pin_int1_route_set)
    i.iis3dwb_pin_mode_set                   0x08007d56   Section        0  iis3dwb_reg.o(i.iis3dwb_pin_mode_set)
    i.iis3dwb_pin_polarity_set               0x08007d84   Section        0  iis3dwb_reg.o(i.iis3dwb_pin_polarity_set)
    i.iis3dwb_read_reg                       0x08007db2   Section        0  iis3dwb_reg.o(i.iis3dwb_read_reg)
    i.iis3dwb_reset_get                      0x08007dca   Section        0  iis3dwb_reg.o(i.iis3dwb_reset_get)
    i.iis3dwb_reset_set                      0x08007de8   Section        0  iis3dwb_reg.o(i.iis3dwb_reset_set)
    i.iis3dwb_write_reg                      0x08007e16   Section        0  iis3dwb_reg.o(i.iis3dwb_write_reg)
    i.iis3dwb_xl_data_rate_set               0x08007e2e   Section        0  iis3dwb_reg.o(i.iis3dwb_xl_data_rate_set)
    i.iis3dwb_xl_filt_path_on_out_set        0x08007e5c   Section        0  iis3dwb_reg.o(i.iis3dwb_xl_filt_path_on_out_set)
    i.iis3dwb_xl_full_scale_set              0x08007ec4   Section        0  iis3dwb_reg.o(i.iis3dwb_xl_full_scale_set)
    i.iwdg_feed                              0x08007ef4   Section        0  wdg.o(i.iwdg_feed)
    i.iwdg_init                              0x08007f00   Section        0  wdg.o(i.iwdg_init)
    i.main                                   0x08007f20   Section        0  main.o(i.main)
    i.platform_delay                         0x08007f9c   Section        0  iis3dwb.o(i.platform_delay)
    platform_delay                           0x08007f9d   Thumb Code     4  iis3dwb.o(i.platform_delay)
    i.platform_read                          0x08007fa0   Section        0  iis3dwb.o(i.platform_read)
    platform_read                            0x08007fa1   Thumb Code    80  iis3dwb.o(i.platform_read)
    i.platform_write                         0x08007ff4   Section        0  iis3dwb.o(i.platform_write)
    platform_write                           0x08007ff5   Thumb Code    68  iis3dwb.o(i.platform_write)
    i.start_buffer_transmit                  0x0800803c   Section        0  ads124s08.o(i.start_buffer_transmit)
    .constdata                               0x080080b0   Section        8  stm32h7xx_hal_dma.o(.constdata)
    flagBitshiftOffset                       0x080080b0   Data           8  stm32h7xx_hal_dma.o(.constdata)
    .constdata                               0x080080b8   Section       24  stm32h7xx_hal_uart.o(.constdata)
    .constdata                               0x080080d0   Section       16  stm32h7xx_hal_uart_ex.o(.constdata)
    numerator                                0x080080d0   Data           8  stm32h7xx_hal_uart_ex.o(.constdata)
    denominator                              0x080080d8   Data           8  stm32h7xx_hal_uart_ex.o(.constdata)
    .constdata                               0x080080e0   Section       16  system_stm32h7xx.o(.constdata)
    .data                                    0x24000000   Section        2  main.o(.data)
    .data                                    0x24000004   Section    17261  ads124s08.o(.data)
    .data                                    0x24004371   Section        1  ads124s08.o(.data)
    .data                                    0x24004372   Section        1  iis3dwb.o(.data)
    .data                                    0x24004373   Section        1  iis3dwb.o(.data)
    .data                                    0x24004374   Section       19  iis3dwb.o(.data)
    whoamI                                   0x24004374   Data           1  iis3dwb.o(.data)
    rst                                      0x24004375   Data           1  iis3dwb.o(.data)
    data_raw_acceleration                    0x24004378   Data           6  iis3dwb.o(.data)
    .data                                    0x24004388   Section       12  stm32h7xx_hal.o(.data)
    .data                                    0x24004394   Section        8  system_stm32h7xx.o(.data)
    .bss                                     0x2400439c   Section      100  adc.o(.bss)
    .bss                                     0x24004400   Section      272  spi.o(.bss)
    .bss                                     0x24004510   Section      672  usart.o(.bss)
    .bss                                     0x240047b0   Section       18  ads124s08.o(.bss)
    .bss                                     0x240047c4   Section      228  tim.o(.bss)
    .bss                                     0x240048a8   Section       56  iis3dwb.o(.bss)
    fifo_data                                0x240048a8   Data          35  iis3dwb.o(.bss)
    .bss                                     0x240048e0   Section       16  wdg.o(.bss)
    .bss                                     0x240048f0   Section       76  i2c.o(.bss)
    STACK                                    0x24004940   Section     1024  startup_stm32h750xx.o(STACK)

    Global Symbols

    Symbol Name                              Value     Ov Type        Size  Object(Section)

    BuildAttributes$$THM_ISAv4$E$P$D$K$B$S$7EM$VFPv5_D16$PE$PLD8$A:L22UL41UL21$X:L11$S22US41US21$IEEE1$IW$USESV6$~STKCKD$USESV7$~SHL$OTIME$ROPI$IEEEX$EBA8$MICROLIB$REQ8$PRES8$EABIv2 0x00000000   Number         0  anon$$obj.o ABSOLUTE
    __ARM_use_no_argv                        0x00000000   Number         0  main.o ABSOLUTE
    _printf_a                                0x00000000   Number         0  stubs.o ABSOLUTE
    _printf_c                                0x00000000   Number         0  stubs.o ABSOLUTE
    _printf_charcount                        0x00000000   Number         0  stubs.o ABSOLUTE
    _printf_d                                0x00000000   Number         0  stubs.o ABSOLUTE
    _printf_e                                0x00000000   Number         0  stubs.o ABSOLUTE
    _printf_f                                0x00000000   Number         0  stubs.o ABSOLUTE
    _printf_flags                            0x00000000   Number         0  stubs.o ABSOLUTE
    _printf_fp_dec                           0x00000000   Number         0  stubs.o ABSOLUTE
    _printf_fp_hex                           0x00000000   Number         0  stubs.o ABSOLUTE
    _printf_g                                0x00000000   Number         0  stubs.o ABSOLUTE
    _printf_i                                0x00000000   Number         0  stubs.o ABSOLUTE
    _printf_int_dec                          0x00000000   Number         0  stubs.o ABSOLUTE
    _printf_l                                0x00000000   Number         0  stubs.o ABSOLUTE
    _printf_lc                               0x00000000   Number         0  stubs.o ABSOLUTE
    _printf_ll                               0x00000000   Number         0  stubs.o ABSOLUTE
    _printf_lld                              0x00000000   Number         0  stubs.o ABSOLUTE
    _printf_lli                              0x00000000   Number         0  stubs.o ABSOLUTE
    _printf_llo                              0x00000000   Number         0  stubs.o ABSOLUTE
    _printf_llu                              0x00000000   Number         0  stubs.o ABSOLUTE
    _printf_llx                              0x00000000   Number         0  stubs.o ABSOLUTE
    _printf_longlong_dec                     0x00000000   Number         0  stubs.o ABSOLUTE
    _printf_longlong_hex                     0x00000000   Number         0  stubs.o ABSOLUTE
    _printf_longlong_oct                     0x00000000   Number         0  stubs.o ABSOLUTE
    _printf_ls                               0x00000000   Number         0  stubs.o ABSOLUTE
    _printf_mbtowc                           0x00000000   Number         0  stubs.o ABSOLUTE
    _printf_n                                0x00000000   Number         0  stubs.o ABSOLUTE
    _printf_o                                0x00000000   Number         0  stubs.o ABSOLUTE
    _printf_p                                0x00000000   Number         0  stubs.o ABSOLUTE
    _printf_percent                          0x00000000   Number         0  stubs.o ABSOLUTE
    _printf_pre_padding                      0x00000000   Number         0  stubs.o ABSOLUTE
    _printf_return_value                     0x00000000   Number         0  stubs.o ABSOLUTE
    _printf_s                                0x00000000   Number         0  stubs.o ABSOLUTE
    _printf_sizespec                         0x00000000   Number         0  stubs.o ABSOLUTE
    _printf_str                              0x00000000   Number         0  stubs.o ABSOLUTE
    _printf_truncate_signed                  0x00000000   Number         0  stubs.o ABSOLUTE
    _printf_truncate_unsigned                0x00000000   Number         0  stubs.o ABSOLUTE
    _printf_u                                0x00000000   Number         0  stubs.o ABSOLUTE
    _printf_wc                               0x00000000   Number         0  stubs.o ABSOLUTE
    _printf_wctomb                           0x00000000   Number         0  stubs.o ABSOLUTE
    _printf_widthprec                        0x00000000   Number         0  stubs.o ABSOLUTE
    _printf_x                                0x00000000   Number         0  stubs.o ABSOLUTE
    __cpp_initialize__aeabi_                  - Undefined Weak Reference
    __cxa_finalize                            - Undefined Weak Reference
    _clock_init                               - Undefined Weak Reference
    _microlib_exit                            - Undefined Weak Reference
    __Vectors_Size                           0x00000298   Number         0  startup_stm32h750xx.o ABSOLUTE
    __Vectors                                0x08000000   Data           4  startup_stm32h750xx.o(RESET)
    __Vectors_End                            0x08000298   Data           0  startup_stm32h750xx.o(RESET)
    __main                                   0x08000299   Thumb Code     0  entry.o(.ARM.Collect$$$$00000000)
    _main_stk                                0x08000299   Thumb Code     0  entry2.o(.ARM.Collect$$$$00000001)
    _main_scatterload                        0x0800029d   Thumb Code     0  entry5.o(.ARM.Collect$$$$00000004)
    __main_after_scatterload                 0x080002a1   Thumb Code     0  entry5.o(.ARM.Collect$$$$00000004)
    _main_clock                              0x080002a1   Thumb Code     0  entry7b.o(.ARM.Collect$$$$00000008)
    _main_cpp_init                           0x080002a1   Thumb Code     0  entry8b.o(.ARM.Collect$$$$0000000A)
    _main_init                               0x080002a1   Thumb Code     0  entry9a.o(.ARM.Collect$$$$0000000B)
    __rt_final_cpp                           0x080002a9   Thumb Code     0  entry10a.o(.ARM.Collect$$$$0000000D)
    __rt_final_exit                          0x080002a9   Thumb Code     0  entry11a.o(.ARM.Collect$$$$0000000F)
    Reset_Handler                            0x080002ad   Thumb Code     8  startup_stm32h750xx.o(.text)
    ADC3_IRQHandler                          0x080002c7   Thumb Code     0  startup_stm32h750xx.o(.text)
    BDMA_Channel0_IRQHandler                 0x080002c7   Thumb Code     0  startup_stm32h750xx.o(.text)
    BDMA_Channel1_IRQHandler                 0x080002c7   Thumb Code     0  startup_stm32h750xx.o(.text)
    BDMA_Channel2_IRQHandler                 0x080002c7   Thumb Code     0  startup_stm32h750xx.o(.text)
    BDMA_Channel3_IRQHandler                 0x080002c7   Thumb Code     0  startup_stm32h750xx.o(.text)
    BDMA_Channel4_IRQHandler                 0x080002c7   Thumb Code     0  startup_stm32h750xx.o(.text)
    BDMA_Channel5_IRQHandler                 0x080002c7   Thumb Code     0  startup_stm32h750xx.o(.text)
    BDMA_Channel6_IRQHandler                 0x080002c7   Thumb Code     0  startup_stm32h750xx.o(.text)
    BDMA_Channel7_IRQHandler                 0x080002c7   Thumb Code     0  startup_stm32h750xx.o(.text)
    CEC_IRQHandler                           0x080002c7   Thumb Code     0  startup_stm32h750xx.o(.text)
    COMP1_IRQHandler                         0x080002c7   Thumb Code     0  startup_stm32h750xx.o(.text)
    CRS_IRQHandler                           0x080002c7   Thumb Code     0  startup_stm32h750xx.o(.text)
    CRYP_IRQHandler                          0x080002c7   Thumb Code     0  startup_stm32h750xx.o(.text)
    DCMI_IRQHandler                          0x080002c7   Thumb Code     0  startup_stm32h750xx.o(.text)
    DFSDM1_FLT0_IRQHandler                   0x080002c7   Thumb Code     0  startup_stm32h750xx.o(.text)
    DFSDM1_FLT1_IRQHandler                   0x080002c7   Thumb Code     0  startup_stm32h750xx.o(.text)
    DFSDM1_FLT2_IRQHandler                   0x080002c7   Thumb Code     0  startup_stm32h750xx.o(.text)
    DFSDM1_FLT3_IRQHandler                   0x080002c7   Thumb Code     0  startup_stm32h750xx.o(.text)
    DMA1_Stream0_IRQHandler                  0x080002c7   Thumb Code     0  startup_stm32h750xx.o(.text)
    DMA1_Stream2_IRQHandler                  0x080002c7   Thumb Code     0  startup_stm32h750xx.o(.text)
    DMA1_Stream3_IRQHandler                  0x080002c7   Thumb Code     0  startup_stm32h750xx.o(.text)
    DMA1_Stream4_IRQHandler                  0x080002c7   Thumb Code     0  startup_stm32h750xx.o(.text)
    DMA1_Stream5_IRQHandler                  0x080002c7   Thumb Code     0  startup_stm32h750xx.o(.text)
    DMA1_Stream6_IRQHandler                  0x080002c7   Thumb Code     0  startup_stm32h750xx.o(.text)
    DMA1_Stream7_IRQHandler                  0x080002c7   Thumb Code     0  startup_stm32h750xx.o(.text)
    DMA2D_IRQHandler                         0x080002c7   Thumb Code     0  startup_stm32h750xx.o(.text)
    DMA2_Stream0_IRQHandler                  0x080002c7   Thumb Code     0  startup_stm32h750xx.o(.text)
    DMA2_Stream1_IRQHandler                  0x080002c7   Thumb Code     0  startup_stm32h750xx.o(.text)
    DMA2_Stream2_IRQHandler                  0x080002c7   Thumb Code     0  startup_stm32h750xx.o(.text)
    DMA2_Stream3_IRQHandler                  0x080002c7   Thumb Code     0  startup_stm32h750xx.o(.text)
    DMA2_Stream4_IRQHandler                  0x080002c7   Thumb Code     0  startup_stm32h750xx.o(.text)
    DMA2_Stream5_IRQHandler                  0x080002c7   Thumb Code     0  startup_stm32h750xx.o(.text)
    DMA2_Stream6_IRQHandler                  0x080002c7   Thumb Code     0  startup_stm32h750xx.o(.text)
    DMA2_Stream7_IRQHandler                  0x080002c7   Thumb Code     0  startup_stm32h750xx.o(.text)
    DMAMUX1_OVR_IRQHandler                   0x080002c7   Thumb Code     0  startup_stm32h750xx.o(.text)
    DMAMUX2_OVR_IRQHandler                   0x080002c7   Thumb Code     0  startup_stm32h750xx.o(.text)
    ECC_IRQHandler                           0x080002c7   Thumb Code     0  startup_stm32h750xx.o(.text)
    ETH_IRQHandler                           0x080002c7   Thumb Code     0  startup_stm32h750xx.o(.text)
    ETH_WKUP_IRQHandler                      0x080002c7   Thumb Code     0  startup_stm32h750xx.o(.text)
    EXTI0_IRQHandler                         0x080002c7   Thumb Code     0  startup_stm32h750xx.o(.text)
    EXTI2_IRQHandler                         0x080002c7   Thumb Code     0  startup_stm32h750xx.o(.text)
    EXTI4_IRQHandler                         0x080002c7   Thumb Code     0  startup_stm32h750xx.o(.text)
    EXTI9_5_IRQHandler                       0x080002c7   Thumb Code     0  startup_stm32h750xx.o(.text)
    FDCAN1_IT0_IRQHandler                    0x080002c7   Thumb Code     0  startup_stm32h750xx.o(.text)
    FDCAN1_IT1_IRQHandler                    0x080002c7   Thumb Code     0  startup_stm32h750xx.o(.text)
    FDCAN2_IT0_IRQHandler                    0x080002c7   Thumb Code     0  startup_stm32h750xx.o(.text)
    FDCAN2_IT1_IRQHandler                    0x080002c7   Thumb Code     0  startup_stm32h750xx.o(.text)
    FDCAN_CAL_IRQHandler                     0x080002c7   Thumb Code     0  startup_stm32h750xx.o(.text)
    FLASH_IRQHandler                         0x080002c7   Thumb Code     0  startup_stm32h750xx.o(.text)
    FMC_IRQHandler                           0x080002c7   Thumb Code     0  startup_stm32h750xx.o(.text)
    FPU_IRQHandler                           0x080002c7   Thumb Code     0  startup_stm32h750xx.o(.text)
    HASH_RNG_IRQHandler                      0x080002c7   Thumb Code     0  startup_stm32h750xx.o(.text)
    HRTIM1_FLT_IRQHandler                    0x080002c7   Thumb Code     0  startup_stm32h750xx.o(.text)
    HRTIM1_Master_IRQHandler                 0x080002c7   Thumb Code     0  startup_stm32h750xx.o(.text)
    HRTIM1_TIMA_IRQHandler                   0x080002c7   Thumb Code     0  startup_stm32h750xx.o(.text)
    HRTIM1_TIMB_IRQHandler                   0x080002c7   Thumb Code     0  startup_stm32h750xx.o(.text)
    HRTIM1_TIMC_IRQHandler                   0x080002c7   Thumb Code     0  startup_stm32h750xx.o(.text)
    HRTIM1_TIMD_IRQHandler                   0x080002c7   Thumb Code     0  startup_stm32h750xx.o(.text)
    HRTIM1_TIME_IRQHandler                   0x080002c7   Thumb Code     0  startup_stm32h750xx.o(.text)
    HSEM1_IRQHandler                         0x080002c7   Thumb Code     0  startup_stm32h750xx.o(.text)
    I2C1_ER_IRQHandler                       0x080002c7   Thumb Code     0  startup_stm32h750xx.o(.text)
    I2C1_EV_IRQHandler                       0x080002c7   Thumb Code     0  startup_stm32h750xx.o(.text)
    I2C2_ER_IRQHandler                       0x080002c7   Thumb Code     0  startup_stm32h750xx.o(.text)
    I2C2_EV_IRQHandler                       0x080002c7   Thumb Code     0  startup_stm32h750xx.o(.text)
    I2C3_ER_IRQHandler                       0x080002c7   Thumb Code     0  startup_stm32h750xx.o(.text)
    I2C3_EV_IRQHandler                       0x080002c7   Thumb Code     0  startup_stm32h750xx.o(.text)
    I2C4_ER_IRQHandler                       0x080002c7   Thumb Code     0  startup_stm32h750xx.o(.text)
    I2C4_EV_IRQHandler                       0x080002c7   Thumb Code     0  startup_stm32h750xx.o(.text)
    JPEG_IRQHandler                          0x080002c7   Thumb Code     0  startup_stm32h750xx.o(.text)
    LPTIM1_IRQHandler                        0x080002c7   Thumb Code     0  startup_stm32h750xx.o(.text)
    LPTIM2_IRQHandler                        0x080002c7   Thumb Code     0  startup_stm32h750xx.o(.text)
    LPTIM3_IRQHandler                        0x080002c7   Thumb Code     0  startup_stm32h750xx.o(.text)
    LPTIM4_IRQHandler                        0x080002c7   Thumb Code     0  startup_stm32h750xx.o(.text)
    LPTIM5_IRQHandler                        0x080002c7   Thumb Code     0  startup_stm32h750xx.o(.text)
    LPUART1_IRQHandler                       0x080002c7   Thumb Code     0  startup_stm32h750xx.o(.text)
    LTDC_ER_IRQHandler                       0x080002c7   Thumb Code     0  startup_stm32h750xx.o(.text)
    LTDC_IRQHandler                          0x080002c7   Thumb Code     0  startup_stm32h750xx.o(.text)
    MDIOS_IRQHandler                         0x080002c7   Thumb Code     0  startup_stm32h750xx.o(.text)
    MDIOS_WKUP_IRQHandler                    0x080002c7   Thumb Code     0  startup_stm32h750xx.o(.text)
    MDMA_IRQHandler                          0x080002c7   Thumb Code     0  startup_stm32h750xx.o(.text)
    OTG_FS_EP1_IN_IRQHandler                 0x080002c7   Thumb Code     0  startup_stm32h750xx.o(.text)
    OTG_FS_EP1_OUT_IRQHandler                0x080002c7   Thumb Code     0  startup_stm32h750xx.o(.text)
    OTG_FS_IRQHandler                        0x080002c7   Thumb Code     0  startup_stm32h750xx.o(.text)
    OTG_FS_WKUP_IRQHandler                   0x080002c7   Thumb Code     0  startup_stm32h750xx.o(.text)
    OTG_HS_EP1_IN_IRQHandler                 0x080002c7   Thumb Code     0  startup_stm32h750xx.o(.text)
    OTG_HS_EP1_OUT_IRQHandler                0x080002c7   Thumb Code     0  startup_stm32h750xx.o(.text)
    OTG_HS_IRQHandler                        0x080002c7   Thumb Code     0  startup_stm32h750xx.o(.text)
    OTG_HS_WKUP_IRQHandler                   0x080002c7   Thumb Code     0  startup_stm32h750xx.o(.text)
    PVD_AVD_IRQHandler                       0x080002c7   Thumb Code     0  startup_stm32h750xx.o(.text)
    QUADSPI_IRQHandler                       0x080002c7   Thumb Code     0  startup_stm32h750xx.o(.text)
    RCC_IRQHandler                           0x080002c7   Thumb Code     0  startup_stm32h750xx.o(.text)
    RTC_Alarm_IRQHandler                     0x080002c7   Thumb Code     0  startup_stm32h750xx.o(.text)
    RTC_WKUP_IRQHandler                      0x080002c7   Thumb Code     0  startup_stm32h750xx.o(.text)
    SAI1_IRQHandler                          0x080002c7   Thumb Code     0  startup_stm32h750xx.o(.text)
    SAI2_IRQHandler                          0x080002c7   Thumb Code     0  startup_stm32h750xx.o(.text)
    SAI3_IRQHandler                          0x080002c7   Thumb Code     0  startup_stm32h750xx.o(.text)
    SAI4_IRQHandler                          0x080002c7   Thumb Code     0  startup_stm32h750xx.o(.text)
    SDMMC1_IRQHandler                        0x080002c7   Thumb Code     0  startup_stm32h750xx.o(.text)
    SDMMC2_IRQHandler                        0x080002c7   Thumb Code     0  startup_stm32h750xx.o(.text)
    SPDIF_RX_IRQHandler                      0x080002c7   Thumb Code     0  startup_stm32h750xx.o(.text)
    SPI1_IRQHandler                          0x080002c7   Thumb Code     0  startup_stm32h750xx.o(.text)
    SPI2_IRQHandler                          0x080002c7   Thumb Code     0  startup_stm32h750xx.o(.text)
    SPI3_IRQHandler                          0x080002c7   Thumb Code     0  startup_stm32h750xx.o(.text)
    SPI4_IRQHandler                          0x080002c7   Thumb Code     0  startup_stm32h750xx.o(.text)
    SPI5_IRQHandler                          0x080002c7   Thumb Code     0  startup_stm32h750xx.o(.text)
    SPI6_IRQHandler                          0x080002c7   Thumb Code     0  startup_stm32h750xx.o(.text)
    SWPMI1_IRQHandler                        0x080002c7   Thumb Code     0  startup_stm32h750xx.o(.text)
    TAMP_STAMP_IRQHandler                    0x080002c7   Thumb Code     0  startup_stm32h750xx.o(.text)
    TIM15_IRQHandler                         0x080002c7   Thumb Code     0  startup_stm32h750xx.o(.text)
    TIM16_IRQHandler                         0x080002c7   Thumb Code     0  startup_stm32h750xx.o(.text)
    TIM17_IRQHandler                         0x080002c7   Thumb Code     0  startup_stm32h750xx.o(.text)
    TIM1_BRK_IRQHandler                      0x080002c7   Thumb Code     0  startup_stm32h750xx.o(.text)
    TIM1_CC_IRQHandler                       0x080002c7   Thumb Code     0  startup_stm32h750xx.o(.text)
    TIM1_TRG_COM_IRQHandler                  0x080002c7   Thumb Code     0  startup_stm32h750xx.o(.text)
    TIM1_UP_IRQHandler                       0x080002c7   Thumb Code     0  startup_stm32h750xx.o(.text)
    TIM2_IRQHandler                          0x080002c7   Thumb Code     0  startup_stm32h750xx.o(.text)
    TIM3_IRQHandler                          0x080002c7   Thumb Code     0  startup_stm32h750xx.o(.text)
    TIM4_IRQHandler                          0x080002c7   Thumb Code     0  startup_stm32h750xx.o(.text)
    TIM5_IRQHandler                          0x080002c7   Thumb Code     0  startup_stm32h750xx.o(.text)
    TIM7_IRQHandler                          0x080002c7   Thumb Code     0  startup_stm32h750xx.o(.text)
    TIM8_BRK_TIM12_IRQHandler                0x080002c7   Thumb Code     0  startup_stm32h750xx.o(.text)
    TIM8_CC_IRQHandler                       0x080002c7   Thumb Code     0  startup_stm32h750xx.o(.text)
    TIM8_TRG_COM_TIM14_IRQHandler            0x080002c7   Thumb Code     0  startup_stm32h750xx.o(.text)
    UART4_IRQHandler                         0x080002c7   Thumb Code     0  startup_stm32h750xx.o(.text)
    UART5_IRQHandler                         0x080002c7   Thumb Code     0  startup_stm32h750xx.o(.text)
    UART7_IRQHandler                         0x080002c7   Thumb Code     0  startup_stm32h750xx.o(.text)
    UART8_IRQHandler                         0x080002c7   Thumb Code     0  startup_stm32h750xx.o(.text)
    USART2_IRQHandler                        0x080002c7   Thumb Code     0  startup_stm32h750xx.o(.text)
    USART3_IRQHandler                        0x080002c7   Thumb Code     0  startup_stm32h750xx.o(.text)
    USART6_IRQHandler                        0x080002c7   Thumb Code     0  startup_stm32h750xx.o(.text)
    WAKEUP_PIN_IRQHandler                    0x080002c7   Thumb Code     0  startup_stm32h750xx.o(.text)
    WWDG_IRQHandler                          0x080002c7   Thumb Code     0  startup_stm32h750xx.o(.text)
    __aeabi_uldivmod                         0x080002d1   Thumb Code    98  uldiv.o(.text)
    __aeabi_llsl                             0x08000333   Thumb Code    30  llshl.o(.text)
    _ll_shift_l                              0x08000333   Thumb Code     0  llshl.o(.text)
    __aeabi_memcpy                           0x08000351   Thumb Code    36  memcpya.o(.text)
    __aeabi_memcpy4                          0x08000351   Thumb Code     0  memcpya.o(.text)
    __aeabi_memcpy8                          0x08000351   Thumb Code     0  memcpya.o(.text)
    __aeabi_memset                           0x08000375   Thumb Code    14  memseta.o(.text)
    __aeabi_memset4                          0x08000375   Thumb Code     0  memseta.o(.text)
    __aeabi_memset8                          0x08000375   Thumb Code     0  memseta.o(.text)
    __aeabi_memclr                           0x08000383   Thumb Code     4  memseta.o(.text)
    __aeabi_memclr4                          0x08000383   Thumb Code     0  memseta.o(.text)
    __aeabi_memclr8                          0x08000383   Thumb Code     0  memseta.o(.text)
    _memset$wrapper                          0x08000387   Thumb Code    18  memseta.o(.text)
    __aeabi_llsr                             0x08000399   Thumb Code    32  llushr.o(.text)
    _ll_ushift_r                             0x08000399   Thumb Code     0  llushr.o(.text)
    __scatterload                            0x080003b9   Thumb Code    28  init.o(.text)
    __scatterload_rt2                        0x080003b9   Thumb Code     0  init.o(.text)
    __decompress                             0x080003dd   Thumb Code     0  __dczerorl2.o(.text)
    __decompress1                            0x080003dd   Thumb Code    86  __dczerorl2.o(.text)
    ADC_ConfigureBoostMode                   0x08000435   Thumb Code   234  stm32h7xx_hal_adc.o(i.ADC_ConfigureBoostMode)
    ADC_IRQHandler                           0x0800053d   Thumb Code     6  stm32h7xx_it.o(i.ADC_IRQHandler)
    ADS124S08INPMUX_Cov                      0x08000549   Thumb Code    54  ads124s08.o(i.ADS124S08INPMUX_Cov)
    ADS124S08REG_Init                        0x08000589   Thumb Code    92  ads124s08.o(i.ADS124S08REG_Init)
    ADS124S08_GPIO_Init                      0x080005ed   Thumb Code   206  ads124s08.o(i.ADS124S08_GPIO_Init)
    ADS124S08_Init                           0x080006cd   Thumb Code    18  ads124s08.o(i.ADS124S08_Init)
    ADS124S08_Read                           0x080006e1   Thumb Code    88  ads124s08.o(i.ADS124S08_Read)
    ADS124S08_ReadData                       0x08000749   Thumb Code   438  ads124s08.o(i.ADS124S08_ReadData)
    ADS124S08_ReadReg                        0x08000911   Thumb Code   102  ads124s08.o(i.ADS124S08_ReadReg)
    ADS124S08_Reset                          0x08000985   Thumb Code    46  ads124s08.o(i.ADS124S08_Reset)
    ADS124S08_Start                          0x080009b9   Thumb Code    10  ads124s08.o(i.ADS124S08_Start)
    ADS124S08_Stop_it                        0x080009c9   Thumb Code    12  ads124s08.o(i.ADS124S08_Stop_it)
    BusFault_Handler                         0x080009d9   Thumb Code     2  stm32h7xx_it.o(i.BusFault_Handler)
    DMA1_Stream1_IRQHandler                  0x080009dd   Thumb Code     6  stm32h7xx_it.o(i.DMA1_Stream1_IRQHandler)
    DebugMon_Handler                         0x08000e21   Thumb Code     2  stm32h7xx_it.o(i.DebugMon_Handler)
    EXTI15_10_IRQHandler                     0x08000e23   Thumb Code     8  stm32h7xx_it.o(i.EXTI15_10_IRQHandler)
    EXTI1_IRQHandler                         0x08000e2b   Thumb Code     6  stm32h7xx_it.o(i.EXTI1_IRQHandler)
    EXTI3_IRQHandler                         0x08000e31   Thumb Code     6  stm32h7xx_it.o(i.EXTI3_IRQHandler)
    Error_Handler                            0x08000e37   Thumb Code     4  main.o(i.Error_Handler)
    HAL_ADCEx_EndOfSamplingCallback          0x08000e3b   Thumb Code     2  stm32h7xx_hal_adc_ex.o(i.HAL_ADCEx_EndOfSamplingCallback)
    HAL_ADCEx_InjectedConvCpltCallback       0x08000e3d   Thumb Code     2  stm32h7xx_hal_adc_ex.o(i.HAL_ADCEx_InjectedConvCpltCallback)
    HAL_ADCEx_InjectedQueueOverflowCallback  0x08000e3f   Thumb Code     2  stm32h7xx_hal_adc_ex.o(i.HAL_ADCEx_InjectedQueueOverflowCallback)
    HAL_ADCEx_LevelOutOfWindow2Callback      0x08000e41   Thumb Code     2  stm32h7xx_hal_adc_ex.o(i.HAL_ADCEx_LevelOutOfWindow2Callback)
    HAL_ADCEx_LevelOutOfWindow3Callback      0x08000e43   Thumb Code     2  stm32h7xx_hal_adc_ex.o(i.HAL_ADCEx_LevelOutOfWindow3Callback)
    HAL_ADCEx_MultiModeConfigChannel         0x08000e45   Thumb Code   274  stm32h7xx_hal_adc_ex.o(i.HAL_ADCEx_MultiModeConfigChannel)
    HAL_ADC_ConfigChannel                    0x08000f6d   Thumb Code   928  stm32h7xx_hal_adc.o(i.HAL_ADC_ConfigChannel)
    HAL_ADC_ConvCpltCallback                 0x08001345   Thumb Code    16  main.o(i.HAL_ADC_ConvCpltCallback)
    HAL_ADC_ErrorCallback                    0x0800135d   Thumb Code     2  stm32h7xx_hal_adc.o(i.HAL_ADC_ErrorCallback)
    HAL_ADC_IRQHandler                       0x08001361   Thumb Code   640  stm32h7xx_hal_adc.o(i.HAL_ADC_IRQHandler)
    HAL_ADC_Init                             0x080015f1   Thumb Code   498  stm32h7xx_hal_adc.o(i.HAL_ADC_Init)
    HAL_ADC_LevelOutOfWindowCallback         0x08001819   Thumb Code     2  stm32h7xx_hal_adc.o(i.HAL_ADC_LevelOutOfWindowCallback)
    HAL_ADC_MspInit                          0x0800181d   Thumb Code   132  adc.o(i.HAL_ADC_MspInit)
    HAL_DMA_Abort                            0x080018ad   Thumb Code   836  stm32h7xx_hal_dma.o(i.HAL_DMA_Abort)
    HAL_DMA_Abort_IT                         0x08001c0d   Thumb Code   602  stm32h7xx_hal_dma.o(i.HAL_DMA_Abort_IT)
    HAL_DMA_IRQHandler                       0x08001e91   Thumb Code  1756  stm32h7xx_hal_dma.o(i.HAL_DMA_IRQHandler)
    HAL_DMA_Init                             0x08002579   Thumb Code   926  stm32h7xx_hal_dma.o(i.HAL_DMA_Init)
    HAL_DMA_Start_IT                         0x0800293d   Thumb Code   628  stm32h7xx_hal_dma.o(i.HAL_DMA_Start_IT)
    HAL_Delay                                0x08002bd9   Thumb Code    32  stm32h7xx_hal.o(i.HAL_Delay)
    HAL_GPIO_EXTI_Callback                   0x08002bfd   Thumb Code    42  main.o(i.HAL_GPIO_EXTI_Callback)
    HAL_GPIO_EXTI_IRQHandler                 0x08002c35   Thumb Code    24  stm32h7xx_hal_gpio.o(i.HAL_GPIO_EXTI_IRQHandler)
    HAL_GPIO_Init                            0x08002c4d   Thumb Code   506  stm32h7xx_hal_gpio.o(i.HAL_GPIO_Init)
    HAL_GPIO_WritePin                        0x08002e79   Thumb Code    10  stm32h7xx_hal_gpio.o(i.HAL_GPIO_WritePin)
    HAL_GetREVID                             0x08002e85   Thumb Code     8  stm32h7xx_hal.o(i.HAL_GetREVID)
    HAL_GetTick                              0x08002e91   Thumb Code     6  stm32h7xx_hal.o(i.HAL_GetTick)
    HAL_I2CEx_ConfigAnalogFilter             0x08002e9d   Thumb Code    88  stm32h7xx_hal_i2c_ex.o(i.HAL_I2CEx_ConfigAnalogFilter)
    HAL_I2CEx_ConfigDigitalFilter            0x08002ef5   Thumb Code    84  stm32h7xx_hal_i2c_ex.o(i.HAL_I2CEx_ConfigDigitalFilter)
    HAL_I2C_Init                             0x08002f49   Thumb Code   180  stm32h7xx_hal_i2c.o(i.HAL_I2C_Init)
    HAL_I2C_Master_Receive                   0x08003001   Thumb Code   282  stm32h7xx_hal_i2c.o(i.HAL_I2C_Master_Receive)
    HAL_I2C_Master_Transmit                  0x08003125   Thumb Code   282  stm32h7xx_hal_i2c.o(i.HAL_I2C_Master_Transmit)
    HAL_I2C_MspInit                          0x08003249   Thumb Code   116  i2c.o(i.HAL_I2C_MspInit)
    HAL_IWDG_Init                            0x080032c9   Thumb Code   102  stm32h7xx_hal_iwdg.o(i.HAL_IWDG_Init)
    HAL_IWDG_Refresh                         0x0800332f   Thumb Code    12  stm32h7xx_hal_iwdg.o(i.HAL_IWDG_Refresh)
    HAL_IncTick                              0x0800333d   Thumb Code    12  stm32h7xx_hal.o(i.HAL_IncTick)
    HAL_Init                                 0x0800334d   Thumb Code    74  stm32h7xx_hal.o(i.HAL_Init)
    HAL_InitTick                             0x080033a9   Thumb Code    56  stm32h7xx_hal.o(i.HAL_InitTick)
    HAL_MspInit                              0x080033e9   Thumb Code    22  stm32h7xx_hal_msp.o(i.HAL_MspInit)
    HAL_NVIC_EnableIRQ                       0x08003405   Thumb Code    26  stm32h7xx_hal_cortex.o(i.HAL_NVIC_EnableIRQ)
    HAL_NVIC_SetPriority                     0x08003421   Thumb Code    60  stm32h7xx_hal_cortex.o(i.HAL_NVIC_SetPriority)
    HAL_NVIC_SetPriorityGrouping             0x08003461   Thumb Code    28  stm32h7xx_hal_cortex.o(i.HAL_NVIC_SetPriorityGrouping)
    HAL_PWREx_ConfigSupply                   0x08003485   Thumb Code    78  stm32h7xx_hal_pwr_ex.o(i.HAL_PWREx_ConfigSupply)
    HAL_RCCEx_GetD3PCLK1Freq                 0x080034d9   Thumb Code    26  stm32h7xx_hal_rcc_ex.o(i.HAL_RCCEx_GetD3PCLK1Freq)
    HAL_RCCEx_GetPLL1ClockFreq               0x080034fd   Thumb Code   298  stm32h7xx_hal_rcc_ex.o(i.HAL_RCCEx_GetPLL1ClockFreq)
    HAL_RCCEx_GetPLL2ClockFreq               0x08003645   Thumb Code   296  stm32h7xx_hal_rcc_ex.o(i.HAL_RCCEx_GetPLL2ClockFreq)
    HAL_RCCEx_GetPLL3ClockFreq               0x08003789   Thumb Code   296  stm32h7xx_hal_rcc_ex.o(i.HAL_RCCEx_GetPLL3ClockFreq)
    HAL_RCCEx_GetPeriphCLKFreq               0x080038cd   Thumb Code   596  stm32h7xx_hal_rcc_ex.o(i.HAL_RCCEx_GetPeriphCLKFreq)
    HAL_RCCEx_PeriphCLKConfig                0x08003b39   Thumb Code  2258  stm32h7xx_hal_rcc_ex.o(i.HAL_RCCEx_PeriphCLKConfig)
    HAL_RCC_ClockConfig                      0x0800440d   Thumb Code   580  stm32h7xx_hal_rcc.o(i.HAL_RCC_ClockConfig)
    HAL_RCC_GetHCLKFreq                      0x08004669   Thumb Code    52  stm32h7xx_hal_rcc.o(i.HAL_RCC_GetHCLKFreq)
    HAL_RCC_GetPCLK1Freq                     0x080046ad   Thumb Code    26  stm32h7xx_hal_rcc.o(i.HAL_RCC_GetPCLK1Freq)
    HAL_RCC_GetPCLK2Freq                     0x080046d1   Thumb Code    26  stm32h7xx_hal_rcc.o(i.HAL_RCC_GetPCLK2Freq)
    HAL_RCC_GetSysClockFreq                  0x080046f5   Thumb Code   278  stm32h7xx_hal_rcc.o(i.HAL_RCC_GetSysClockFreq)
    HAL_RCC_OscConfig                        0x0800482d   Thumb Code  1322  stm32h7xx_hal_rcc.o(i.HAL_RCC_OscConfig)
    HAL_SPI_Init                             0x08004d5d   Thumb Code   330  stm32h7xx_hal_spi.o(i.HAL_SPI_Init)
    HAL_SPI_MspInit                          0x08004eb5   Thumb Code   196  spi.o(i.HAL_SPI_MspInit)
    HAL_SPI_Receive                          0x08004f8d   Thumb Code   492  stm32h7xx_hal_spi.o(i.HAL_SPI_Receive)
    HAL_SPI_Transmit                         0x08005179   Thumb Code   558  stm32h7xx_hal_spi.o(i.HAL_SPI_Transmit)
    HAL_SPI_TransmitReceive                  0x080053a7   Thumb Code   628  stm32h7xx_hal_spi.o(i.HAL_SPI_TransmitReceive)
    HAL_SYSTICK_Config                       0x0800561b   Thumb Code    38  stm32h7xx_hal_cortex.o(i.HAL_SYSTICK_Config)
    HAL_TIMEx_Break2Callback                 0x08005641   Thumb Code     2  stm32h7xx_hal_tim_ex.o(i.HAL_TIMEx_Break2Callback)
    HAL_TIMEx_BreakCallback                  0x08005643   Thumb Code     2  stm32h7xx_hal_tim_ex.o(i.HAL_TIMEx_BreakCallback)
    HAL_TIMEx_CommutCallback                 0x08005645   Thumb Code     2  stm32h7xx_hal_tim_ex.o(i.HAL_TIMEx_CommutCallback)
    HAL_TIMEx_MasterConfigSynchronization    0x08005649   Thumb Code   134  stm32h7xx_hal_tim_ex.o(i.HAL_TIMEx_MasterConfigSynchronization)
    HAL_TIM_Base_Init                        0x080056ed   Thumb Code    98  stm32h7xx_hal_tim.o(i.HAL_TIM_Base_Init)
    HAL_TIM_Base_MspInit                     0x08005751   Thumb Code   118  tim.o(i.HAL_TIM_Base_MspInit)
    HAL_TIM_Base_Start_IT                    0x080057d9   Thumb Code   106  stm32h7xx_hal_tim.o(i.HAL_TIM_Base_Start_IT)
    HAL_TIM_ConfigClockSource                0x08005865   Thumb Code   248  stm32h7xx_hal_tim.o(i.HAL_TIM_ConfigClockSource)
    HAL_TIM_IC_CaptureCallback               0x08005961   Thumb Code     2  stm32h7xx_hal_tim.o(i.HAL_TIM_IC_CaptureCallback)
    HAL_TIM_IRQHandler                       0x08005963   Thumb Code   386  stm32h7xx_hal_tim.o(i.HAL_TIM_IRQHandler)
    HAL_TIM_OC_DelayElapsedCallback          0x08005ae5   Thumb Code     2  stm32h7xx_hal_tim.o(i.HAL_TIM_OC_DelayElapsedCallback)
    HAL_TIM_PWM_PulseFinishedCallback        0x08005ae7   Thumb Code     2  stm32h7xx_hal_tim.o(i.HAL_TIM_PWM_PulseFinishedCallback)
    HAL_TIM_PeriodElapsedCallback            0x08005ae9   Thumb Code   190  main.o(i.HAL_TIM_PeriodElapsedCallback)
    HAL_TIM_TriggerCallback                  0x08005bc1   Thumb Code     2  stm32h7xx_hal_tim.o(i.HAL_TIM_TriggerCallback)
    HAL_UARTEx_DisableFifoMode               0x08005bc3   Thumb Code    64  stm32h7xx_hal_uart_ex.o(i.HAL_UARTEx_DisableFifoMode)
    HAL_UARTEx_RxEventCallback               0x08005c03   Thumb Code     2  stm32h7xx_hal_uart.o(i.HAL_UARTEx_RxEventCallback)
    HAL_UARTEx_RxFifoFullCallback            0x08005c05   Thumb Code     2  stm32h7xx_hal_uart_ex.o(i.HAL_UARTEx_RxFifoFullCallback)
    HAL_UARTEx_SetRxFifoThreshold            0x08005c07   Thumb Code    76  stm32h7xx_hal_uart_ex.o(i.HAL_UARTEx_SetRxFifoThreshold)
    HAL_UARTEx_SetTxFifoThreshold            0x08005c53   Thumb Code    76  stm32h7xx_hal_uart_ex.o(i.HAL_UARTEx_SetTxFifoThreshold)
    HAL_UARTEx_TxFifoEmptyCallback           0x08005c9f   Thumb Code     2  stm32h7xx_hal_uart_ex.o(i.HAL_UARTEx_TxFifoEmptyCallback)
    HAL_UARTEx_WakeupCallback                0x08005ca1   Thumb Code     2  stm32h7xx_hal_uart_ex.o(i.HAL_UARTEx_WakeupCallback)
    HAL_UART_ErrorCallback                   0x08005ca3   Thumb Code     2  stm32h7xx_hal_uart.o(i.HAL_UART_ErrorCallback)
    HAL_UART_IRQHandler                      0x08005ca5   Thumb Code   838  stm32h7xx_hal_uart.o(i.HAL_UART_IRQHandler)
    HAL_UART_Init                            0x08006005   Thumb Code   106  stm32h7xx_hal_uart.o(i.HAL_UART_Init)
    HAL_UART_MspInit                         0x08006071   Thumb Code   452  usart.o(i.HAL_UART_MspInit)
    HAL_UART_Transmit_DMA                    0x08006259   Thumb Code   154  stm32h7xx_hal_uart.o(i.HAL_UART_Transmit_DMA)
    HAL_UART_TxCpltCallback                  0x08006301   Thumb Code   106  ads124s08.o(i.HAL_UART_TxCpltCallback)
    HAL_UART_TxHalfCpltCallback              0x0800637d   Thumb Code     2  stm32h7xx_hal_uart.o(i.HAL_UART_TxHalfCpltCallback)
    HardFault_Handler                        0x0800637f   Thumb Code     2  stm32h7xx_it.o(i.HardFault_Handler)
    IIS3DWBTR_ReadData                       0x0800668d   Thumb Code   166  iis3dwb.o(i.IIS3DWBTR_ReadData)
    IIS3DWB_GPIO_Init                        0x08006741   Thumb Code   138  iis3dwb.o(i.IIS3DWB_GPIO_Init)
    MX_ADC1_Init                             0x0800681d   Thumb Code   138  adc.o(i.MX_ADC1_Init)
    MX_DMA_Init                              0x080068b5   Thumb Code    40  dma.o(i.MX_DMA_Init)
    MX_GPIO_Init                             0x080068e1   Thumb Code   146  gpio.o(i.MX_GPIO_Init)
    MX_I2C2_Init                             0x08006979   Thumb Code    76  i2c.o(i.MX_I2C2_Init)
    MX_SPI1_Init                             0x080069d1   Thumb Code    88  spi.o(i.MX_SPI1_Init)
    MX_SPI4_Init                             0x08006a31   Thumb Code    96  spi.o(i.MX_SPI4_Init)
    MX_TIM13_Init                            0x08006a99   Thumb Code    42  tim.o(i.MX_TIM13_Init)
    MX_TIM6_Init                             0x08006acd   Thumb Code    66  tim.o(i.MX_TIM6_Init)
    MX_TIM8_Init                             0x08006b19   Thumb Code   104  tim.o(i.MX_TIM8_Init)
    MX_USART1_UART_Init                      0x08006b89   Thumb Code   100  usart.o(i.MX_USART1_UART_Init)
    MemManage_Handler                        0x08006bf5   Thumb Code     2  stm32h7xx_it.o(i.MemManage_Handler)
    NMI_Handler                              0x08006bf7   Thumb Code     2  stm32h7xx_it.o(i.NMI_Handler)
    PendSV_Handler                           0x08006bf9   Thumb Code     2  stm32h7xx_it.o(i.PendSV_Handler)
    PeriphCommonClock_Config                 0x08006bfb   Thumb Code    40  main.o(i.PeriphCommonClock_Config)
    SVC_Handler                              0x08006f63   Thumb Code     2  stm32h7xx_it.o(i.SVC_Handler)
    SysTick_Handler                          0x08006f65   Thumb Code     4  stm32h7xx_it.o(i.SysTick_Handler)
    SystemClock_Config                       0x08006f69   Thumb Code   216  main.o(i.SystemClock_Config)
    SystemInit                               0x0800704d   Thumb Code   180  system_stm32h7xx.o(i.SystemInit)
    TIM6_DAC_IRQHandler                      0x08007129   Thumb Code     6  stm32h7xx_it.o(i.TIM6_DAC_IRQHandler)
    TIM8_UP_TIM13_IRQHandler                 0x08007135   Thumb Code    18  stm32h7xx_it.o(i.TIM8_UP_TIM13_IRQHandler)
    TIM_Base_SetConfig                       0x08007151   Thumb Code   162  stm32h7xx_hal_tim.o(i.TIM_Base_SetConfig)
    TIM_ETR_SetConfig                        0x08007215   Thumb Code    18  stm32h7xx_hal_tim.o(i.TIM_ETR_SetConfig)
    TMP117_Get_Temp                          0x08007285   Thumb Code    38  tmp117.o(i.TMP117_Get_Temp)
    TMP117_Read                              0x080072b1   Thumb Code    58  tmp117.o(i.TMP117_Read)
    UART_AdvFeatureConfig                    0x08007335   Thumb Code   200  stm32h7xx_hal_uart.o(i.UART_AdvFeatureConfig)
    UART_CheckIdleState                      0x080073fd   Thumb Code    96  stm32h7xx_hal_uart.o(i.UART_CheckIdleState)
    UART_SetConfig                           0x0800758d   Thumb Code   876  stm32h7xx_hal_uart.o(i.UART_SetConfig)
    UART_WaitOnFlagUntilTimeout              0x08007939   Thumb Code   202  stm32h7xx_hal_uart.o(i.UART_WaitOnFlagUntilTimeout)
    USART1_IRQHandler                        0x08007a05   Thumb Code     6  stm32h7xx_it.o(i.USART1_IRQHandler)
    UsageFault_Handler                       0x08007a11   Thumb Code     2  stm32h7xx_it.o(i.UsageFault_Handler)
    __scatterload_copy                       0x08007a35   Thumb Code    14  handlers.o(i.__scatterload_copy)
    __scatterload_null                       0x08007a43   Thumb Code     2  handlers.o(i.__scatterload_null)
    __scatterload_zeroinit                   0x08007a45   Thumb Code    14  handlers.o(i.__scatterload_zeroinit)
    iis3dwb_block_data_update_set            0x08007a53   Thumb Code    46  iis3dwb_reg.o(i.iis3dwb_block_data_update_set)
    iis3dwb_device_id_get                    0x08007a81   Thumb Code    14  iis3dwb_reg.o(i.iis3dwb_device_id_get)
    iis3dwb_fifo                             0x08007a91   Thumb Code   164  iis3dwb.o(i.iis3dwb_fifo)
    iis3dwb_fifo_mode_set                    0x08007b4d   Thumb Code    46  iis3dwb_reg.o(i.iis3dwb_fifo_mode_set)
    iis3dwb_fifo_out_multi_raw_get           0x08007b7b   Thumb Code    18  iis3dwb_reg.o(i.iis3dwb_fifo_out_multi_raw_get)
    iis3dwb_fifo_status_get                  0x08007b8d   Thumb Code    82  iis3dwb_reg.o(i.iis3dwb_fifo_status_get)
    iis3dwb_fifo_watermark_set               0x08007bdf   Thumb Code    68  iis3dwb_reg.o(i.iis3dwb_fifo_watermark_set)
    iis3dwb_fifo_xl_batch_set                0x08007c23   Thumb Code    46  iis3dwb_reg.o(i.iis3dwb_fifo_xl_batch_set)
    iis3dwb_int_notification_set             0x08007c51   Thumb Code    46  iis3dwb_reg.o(i.iis3dwb_int_notification_set)
    iis3dwb_pin_int1_route_set               0x08007c7f   Thumb Code   216  iis3dwb_reg.o(i.iis3dwb_pin_int1_route_set)
    iis3dwb_pin_mode_set                     0x08007d57   Thumb Code    46  iis3dwb_reg.o(i.iis3dwb_pin_mode_set)
    iis3dwb_pin_polarity_set                 0x08007d85   Thumb Code    46  iis3dwb_reg.o(i.iis3dwb_pin_polarity_set)
    iis3dwb_read_reg                         0x08007db3   Thumb Code    24  iis3dwb_reg.o(i.iis3dwb_read_reg)
    iis3dwb_reset_get                        0x08007dcb   Thumb Code    30  iis3dwb_reg.o(i.iis3dwb_reset_get)
    iis3dwb_reset_set                        0x08007de9   Thumb Code    46  iis3dwb_reg.o(i.iis3dwb_reset_set)
    iis3dwb_write_reg                        0x08007e17   Thumb Code    24  iis3dwb_reg.o(i.iis3dwb_write_reg)
    iis3dwb_xl_data_rate_set                 0x08007e2f   Thumb Code    46  iis3dwb_reg.o(i.iis3dwb_xl_data_rate_set)
    iis3dwb_xl_filt_path_on_out_set          0x08007e5d   Thumb Code   104  iis3dwb_reg.o(i.iis3dwb_xl_filt_path_on_out_set)
    iis3dwb_xl_full_scale_set                0x08007ec5   Thumb Code    46  iis3dwb_reg.o(i.iis3dwb_xl_full_scale_set)
    iwdg_feed                                0x08007ef5   Thumb Code     6  wdg.o(i.iwdg_feed)
    iwdg_init                                0x08007f01   Thumb Code    24  wdg.o(i.iwdg_init)
    main                                     0x08007f21   Thumb Code   112  main.o(i.main)
    start_buffer_transmit                    0x0800803d   Thumb Code    98  ads124s08.o(i.start_buffer_transmit)
    UARTPrescTable                           0x080080b8   Data          24  stm32h7xx_hal_uart.o(.constdata)
    D1CorePrescTable                         0x080080e0   Data          16  system_stm32h7xx.o(.constdata)
    Region$$Table$$Base                      0x080080f0   Number         0  anon$$obj.o(Region$$Table)
    Region$$Table$$Limit                     0x08008110   Number         0  anon$$obj.o(Region$$Table)
    adcx_NVICflag                            0x24000000   Data           2  main.o(.data)
    uart_busy                                0x24000004   Data           1  ads124s08.o(.data)
    ADS124S08Str1_flag                       0x24000006   Data           2  ads124s08.o(.data)
    ADS124S08Str2_flag                       0x24000008   Data           2  ads124s08.o(.data)
    ADS124S08Str3_flag                       0x2400000a   Data           2  ads124s08.o(.data)
    ADS124S08Temp_flag                       0x2400000c   Data           2  ads124s08.o(.data)
    check                                    0x2400000e   Data           2  ads124s08.o(.data)
    Str1_flag                                0x24000010   Data           2  ads124s08.o(.data)
    Str2_flag                                0x24000012   Data           2  ads124s08.o(.data)
    Str3_flag                                0x24000014   Data           2  ads124s08.o(.data)
    Temp_flag                                0x24000016   Data           2  ads124s08.o(.data)
    tmp117data                               0x24000018   Data           2  ads124s08.o(.data)
    INPMUX_Flag                              0x2400001a   Data           2  ads124s08.o(.data)
    INPMUX_Commands0                         0x2400001c   Data           3  ads124s08.o(.data)
    INPMUX_Commands1                         0x2400001f   Data           3  ads124s08.o(.data)
    INPMUX_Commands2                         0x24000022   Data           3  ads124s08.o(.data)
    INPMUX_Commands3                         0x24000025   Data           3  ads124s08.o(.data)
    PGA_Commands                             0x24000028   Data           3  ads124s08.o(.data)
    DATARATE_Commands                        0x2400002b   Data           3  ads124s08.o(.data)
    REF_Commands                             0x2400002e   Data           3  ads124s08.o(.data)
    IDACMAG_Commands                         0x24000031   Data           3  ads124s08.o(.data)
    IDACMUX_Commands                         0x24000034   Data           3  ads124s08.o(.data)
    ADS124S08Buff                            0x24000038   Data           4  ads124s08.o(.data)
    uart_tx_start_ms                         0x2400003c   Data           4  ads124s08.o(.data)
    Bearing_Data                             0x24000040   Data        5732  ads124s08.o(.data)
    buffer_manager                           0x240016a4   Data       11469  ads124s08.o(.data)
    ADS124S08S_NVICflag                      0x24004371   Data           1  ads124s08.o(.data)
    IIS3DWBTR_INT1flag                       0x24004372   Data           1  iis3dwb.o(.data)
    IIS3DWBTR_INT2flag                       0x24004373   Data           1  iis3dwb.o(.data)
    IISDWB_Cnt_flag                          0x24004376   Data           2  iis3dwb.o(.data)
    IIS3DWB_Data                             0x2400437e   Data           9  iis3dwb.o(.data)
    uwTickFreq                               0x24004388   Data           1  stm32h7xx_hal.o(.data)
    uwTickPrio                               0x2400438c   Data           4  stm32h7xx_hal.o(.data)
    uwTick                                   0x24004390   Data           4  stm32h7xx_hal.o(.data)
    SystemCoreClock                          0x24004394   Data           4  system_stm32h7xx.o(.data)
    SystemD2Clock                            0x24004398   Data           4  system_stm32h7xx.o(.data)
    hadc1                                    0x2400439c   Data         100  adc.o(.bss)
    hspi1                                    0x24004400   Data         136  spi.o(.bss)
    hspi4                                    0x24004488   Data         136  spi.o(.bss)
    huart1                                   0x24004510   Data         144  usart.o(.bss)
    huart2                                   0x240045a0   Data         144  usart.o(.bss)
    huart3                                   0x24004630   Data         144  usart.o(.bss)
    hdma_usart1_rx                           0x240046c0   Data         120  usart.o(.bss)
    hdma_usart1_tx                           0x24004738   Data         120  usart.o(.bss)
    ADS124S08_RREGdata                       0x240047b0   Data          18  ads124s08.o(.bss)
    htim6                                    0x240047c4   Data          76  tim.o(.bss)
    htim8                                    0x24004810   Data          76  tim.o(.bss)
    htim13                                   0x2400485c   Data          76  tim.o(.bss)
    dev_ctx                                  0x240048cc   Data          20  iis3dwb.o(.bss)
    g_iwdg_handle                            0x240048e0   Data          16  wdg.o(.bss)
    hi2c2                                    0x240048f0   Data          76  i2c.o(.bss)
    __initial_sp                             0x24004d40   Data           0  startup_stm32h750xx.o(STACK)



==============================================================================

Memory Map of the image

  Image Entry point : 0x08000299

  Load Region LR_IROM1 (Base: 0x08000000, Size: 0x0000c4ac, Max: 0x00020000, ABSOLUTE, COMPRESSED[0x000081d8])

    Execution Region ER_IROM1 (Exec base: 0x08000000, Load base: 0x08000000, Size: 0x00008110, Max: 0x00020000, ABSOLUTE)

    Exec Addr    Load Addr    Size         Type   Attr      Idx    E Section Name        Object

    0x08000000   0x08000000   0x00000298   Data   RO            3    RESET               startup_stm32h750xx.o
    0x08000298   0x08000298   0x00000000   Code   RO        12614  * .ARM.Collect$$$$00000000  mc_w.l(entry.o)
    0x08000298   0x08000298   0x00000004   Code   RO        12931    .ARM.Collect$$$$00000001  mc_w.l(entry2.o)
    0x0800029c   0x0800029c   0x00000004   Code   RO        12934    .ARM.Collect$$$$00000004  mc_w.l(entry5.o)
    0x080002a0   0x080002a0   0x00000000   Code   RO        12936    .ARM.Collect$$$$00000008  mc_w.l(entry7b.o)
    0x080002a0   0x080002a0   0x00000000   Code   RO        12938    .ARM.Collect$$$$0000000A  mc_w.l(entry8b.o)
    0x080002a0   0x080002a0   0x00000008   Code   RO        12939    .ARM.Collect$$$$0000000B  mc_w.l(entry9a.o)
    0x080002a8   0x080002a8   0x00000000   Code   RO        12941    .ARM.Collect$$$$0000000D  mc_w.l(entry10a.o)
    0x080002a8   0x080002a8   0x00000000   Code   RO        12943    .ARM.Collect$$$$0000000F  mc_w.l(entry11a.o)
    0x080002a8   0x080002a8   0x00000004   Code   RO        12932    .ARM.Collect$$$$00002712  mc_w.l(entry2.o)
    0x080002ac   0x080002ac   0x00000024   Code   RO            4    .text               startup_stm32h750xx.o
    0x080002d0   0x080002d0   0x00000062   Code   RO        12617    .text               mc_w.l(uldiv.o)
    0x08000332   0x08000332   0x0000001e   Code   RO        12621    .text               mc_w.l(llshl.o)
    0x08000350   0x08000350   0x00000024   Code   RO        12625    .text               mc_w.l(memcpya.o)
    0x08000374   0x08000374   0x00000024   Code   RO        12627    .text               mc_w.l(memseta.o)
    0x08000398   0x08000398   0x00000020   Code   RO        12948    .text               mc_w.l(llushr.o)
    0x080003b8   0x080003b8   0x00000024   Code   RO        12970    .text               mc_w.l(init.o)
    0x080003dc   0x080003dc   0x00000056   Code   RO        12982    .text               mc_w.l(__dczerorl2.o)
    0x08000432   0x08000432   0x00000002   PAD
    0x08000434   0x08000434   0x00000108   Code   RO         2028    i.ADC_ConfigureBoostMode  stm32h7xx_hal_adc.o
    0x0800053c   0x0800053c   0x0000000c   Code   RO          664    i.ADC_IRQHandler    stm32h7xx_it.o
    0x08000548   0x08000548   0x00000040   Code   RO          819    i.ADS124S08INPMUX_Cov  ads124s08.o
    0x08000588   0x08000588   0x00000064   Code   RO          820    i.ADS124S08REG_Init  ads124s08.o
    0x080005ec   0x080005ec   0x000000e0   Code   RO          821    i.ADS124S08_GPIO_Init  ads124s08.o
    0x080006cc   0x080006cc   0x00000012   Code   RO          822    i.ADS124S08_Init    ads124s08.o
    0x080006de   0x080006de   0x00000002   PAD
    0x080006e0   0x080006e0   0x00000068   Code   RO          823    i.ADS124S08_Read    ads124s08.o
    0x08000748   0x08000748   0x000001c8   Code   RO          824    i.ADS124S08_ReadData  ads124s08.o
    0x08000910   0x08000910   0x00000074   Code   RO          825    i.ADS124S08_ReadReg  ads124s08.o
    0x08000984   0x08000984   0x00000034   Code   RO          826    i.ADS124S08_Reset   ads124s08.o
    0x080009b8   0x080009b8   0x00000010   Code   RO          827    i.ADS124S08_Start   ads124s08.o
    0x080009c8   0x080009c8   0x00000010   Code   RO          828    i.ADS124S08_Stop_it  ads124s08.o
    0x080009d8   0x080009d8   0x00000002   Code   RO          665    i.BusFault_Handler  stm32h7xx_it.o
    0x080009da   0x080009da   0x00000002   PAD
    0x080009dc   0x080009dc   0x0000000c   Code   RO          666    i.DMA1_Stream1_IRQHandler  stm32h7xx_it.o
    0x080009e8   0x080009e8   0x000000b4   Code   RO         3099    i.DMA_CalcBaseAndBitshift  stm32h7xx_hal_dma.o
    0x08000a9c   0x08000a9c   0x0000009c   Code   RO         3100    i.DMA_CalcDMAMUXChannelBaseAndMask  stm32h7xx_hal_dma.o
    0x08000b38   0x08000b38   0x00000074   Code   RO         3101    i.DMA_CalcDMAMUXRequestGenBaseAndMask  stm32h7xx_hal_dma.o
    0x08000bac   0x08000bac   0x00000054   Code   RO         3102    i.DMA_CheckFifoParam  stm32h7xx_hal_dma.o
    0x08000c00   0x08000c00   0x00000220   Code   RO         3103    i.DMA_SetConfig     stm32h7xx_hal_dma.o
    0x08000e20   0x08000e20   0x00000002   Code   RO          667    i.DebugMon_Handler  stm32h7xx_it.o
    0x08000e22   0x08000e22   0x00000008   Code   RO          668    i.EXTI15_10_IRQHandler  stm32h7xx_it.o
    0x08000e2a   0x08000e2a   0x00000006   Code   RO          669    i.EXTI1_IRQHandler  stm32h7xx_it.o
    0x08000e30   0x08000e30   0x00000006   Code   RO          670    i.EXTI3_IRQHandler  stm32h7xx_it.o
    0x08000e36   0x08000e36   0x00000004   Code   RO           14    i.Error_Handler     main.o
    0x08000e3a   0x08000e3a   0x00000002   Code   RO         2254    i.HAL_ADCEx_EndOfSamplingCallback  stm32h7xx_hal_adc_ex.o
    0x08000e3c   0x08000e3c   0x00000002   Code   RO         2257    i.HAL_ADCEx_InjectedConvCpltCallback  stm32h7xx_hal_adc_ex.o
    0x08000e3e   0x08000e3e   0x00000002   Code   RO         2260    i.HAL_ADCEx_InjectedQueueOverflowCallback  stm32h7xx_hal_adc_ex.o
    0x08000e40   0x08000e40   0x00000002   Code   RO         2265    i.HAL_ADCEx_LevelOutOfWindow2Callback  stm32h7xx_hal_adc_ex.o
    0x08000e42   0x08000e42   0x00000002   Code   RO         2266    i.HAL_ADCEx_LevelOutOfWindow3Callback  stm32h7xx_hal_adc_ex.o
    0x08000e44   0x08000e44   0x00000128   Code   RO         2270    i.HAL_ADCEx_MultiModeConfigChannel  stm32h7xx_hal_adc_ex.o
    0x08000f6c   0x08000f6c   0x000003d8   Code   RO         2036    i.HAL_ADC_ConfigChannel  stm32h7xx_hal_adc.o
    0x08001344   0x08001344   0x00000018   Code   RO           15    i.HAL_ADC_ConvCpltCallback  main.o
    0x0800135c   0x0800135c   0x00000002   Code   RO         2040    i.HAL_ADC_ErrorCallback  stm32h7xx_hal_adc.o
    0x0800135e   0x0800135e   0x00000002   PAD
    0x08001360   0x08001360   0x00000290   Code   RO         2044    i.HAL_ADC_IRQHandler  stm32h7xx_hal_adc.o
    0x080015f0   0x080015f0   0x00000228   Code   RO         2045    i.HAL_ADC_Init      stm32h7xx_hal_adc.o
    0x08001818   0x08001818   0x00000002   Code   RO         2046    i.HAL_ADC_LevelOutOfWindowCallback  stm32h7xx_hal_adc.o
    0x0800181a   0x0800181a   0x00000002   PAD
    0x0800181c   0x0800181c   0x00000090   Code   RO          496    i.HAL_ADC_MspInit   adc.o
    0x080018ac   0x080018ac   0x00000360   Code   RO         3104    i.HAL_DMA_Abort     stm32h7xx_hal_dma.o
    0x08001c0c   0x08001c0c   0x00000284   Code   RO         3105    i.HAL_DMA_Abort_IT  stm32h7xx_hal_dma.o
    0x08001e90   0x08001e90   0x000006e8   Code   RO         3109    i.HAL_DMA_IRQHandler  stm32h7xx_hal_dma.o
    0x08002578   0x08002578   0x000003c4   Code   RO         3110    i.HAL_DMA_Init      stm32h7xx_hal_dma.o
    0x0800293c   0x0800293c   0x0000029c   Code   RO         3114    i.HAL_DMA_Start_IT  stm32h7xx_hal_dma.o
    0x08002bd8   0x08002bd8   0x00000024   Code   RO         3954    i.HAL_Delay         stm32h7xx_hal.o
    0x08002bfc   0x08002bfc   0x00000038   Code   RO           16    i.HAL_GPIO_EXTI_Callback  main.o
    0x08002c34   0x08002c34   0x00000018   Code   RO         2951    i.HAL_GPIO_EXTI_IRQHandler  stm32h7xx_hal_gpio.o
    0x08002c4c   0x08002c4c   0x0000022c   Code   RO         2952    i.HAL_GPIO_Init     stm32h7xx_hal_gpio.o
    0x08002e78   0x08002e78   0x0000000a   Code   RO         2956    i.HAL_GPIO_WritePin  stm32h7xx_hal_gpio.o
    0x08002e82   0x08002e82   0x00000002   PAD
    0x08002e84   0x08002e84   0x0000000c   Code   RO         3965    i.HAL_GetREVID      stm32h7xx_hal.o
    0x08002e90   0x08002e90   0x0000000c   Code   RO         3966    i.HAL_GetTick       stm32h7xx_hal.o
    0x08002e9c   0x08002e9c   0x00000058   Code   RO         4721    i.HAL_I2CEx_ConfigAnalogFilter  stm32h7xx_hal_i2c_ex.o
    0x08002ef4   0x08002ef4   0x00000054   Code   RO         4722    i.HAL_I2CEx_ConfigDigitalFilter  stm32h7xx_hal_i2c_ex.o
    0x08002f48   0x08002f48   0x000000b8   Code   RO         4270    i.HAL_I2C_Init      stm32h7xx_hal_i2c.o
    0x08003000   0x08003000   0x00000124   Code   RO         4276    i.HAL_I2C_Master_Receive  stm32h7xx_hal_i2c.o
    0x08003124   0x08003124   0x00000124   Code   RO         4283    i.HAL_I2C_Master_Transmit  stm32h7xx_hal_i2c.o
    0x08003248   0x08003248   0x00000080   Code   RO         1987    i.HAL_I2C_MspInit   i2c.o
    0x080032c8   0x080032c8   0x00000066   Code   RO         6709    i.HAL_IWDG_Init     stm32h7xx_hal_iwdg.o
    0x0800332e   0x0800332e   0x0000000c   Code   RO         6710    i.HAL_IWDG_Refresh  stm32h7xx_hal_iwdg.o
    0x0800333a   0x0800333a   0x00000002   PAD
    0x0800333c   0x0800333c   0x00000010   Code   RO         3972    i.HAL_IncTick       stm32h7xx_hal.o
    0x0800334c   0x0800334c   0x0000005c   Code   RO         3973    i.HAL_Init          stm32h7xx_hal.o
    0x080033a8   0x080033a8   0x00000040   Code   RO         3974    i.HAL_InitTick      stm32h7xx_hal.o
    0x080033e8   0x080033e8   0x0000001c   Code   RO          795    i.HAL_MspInit       stm32h7xx_hal_msp.o
    0x08003404   0x08003404   0x0000001a   Code   RO         3812    i.HAL_NVIC_EnableIRQ  stm32h7xx_hal_cortex.o
    0x0800341e   0x0800341e   0x00000002   PAD
    0x08003420   0x08003420   0x00000040   Code   RO         3818    i.HAL_NVIC_SetPriority  stm32h7xx_hal_cortex.o
    0x08003460   0x08003460   0x00000024   Code   RO         3819    i.HAL_NVIC_SetPriorityGrouping  stm32h7xx_hal_cortex.o
    0x08003484   0x08003484   0x00000054   Code   RO         3553    i.HAL_PWREx_ConfigSupply  stm32h7xx_hal_pwr_ex.o
    0x080034d8   0x080034d8   0x00000024   Code   RO         2595    i.HAL_RCCEx_GetD3PCLK1Freq  stm32h7xx_hal_rcc_ex.o
    0x080034fc   0x080034fc   0x00000148   Code   RO         2596    i.HAL_RCCEx_GetPLL1ClockFreq  stm32h7xx_hal_rcc_ex.o
    0x08003644   0x08003644   0x00000144   Code   RO         2597    i.HAL_RCCEx_GetPLL2ClockFreq  stm32h7xx_hal_rcc_ex.o
    0x08003788   0x08003788   0x00000144   Code   RO         2598    i.HAL_RCCEx_GetPLL3ClockFreq  stm32h7xx_hal_rcc_ex.o
    0x080038cc   0x080038cc   0x0000026c   Code   RO         2600    i.HAL_RCCEx_GetPeriphCLKFreq  stm32h7xx_hal_rcc_ex.o
    0x08003b38   0x08003b38   0x000008d2   Code   RO         2604    i.HAL_RCCEx_PeriphCLKConfig  stm32h7xx_hal_rcc_ex.o
    0x0800440a   0x0800440a   0x00000002   PAD
    0x0800440c   0x0800440c   0x0000025c   Code   RO         2480    i.HAL_RCC_ClockConfig  stm32h7xx_hal_rcc.o
    0x08004668   0x08004668   0x00000044   Code   RO         2485    i.HAL_RCC_GetHCLKFreq  stm32h7xx_hal_rcc.o
    0x080046ac   0x080046ac   0x00000024   Code   RO         2487    i.HAL_RCC_GetPCLK1Freq  stm32h7xx_hal_rcc.o
    0x080046d0   0x080046d0   0x00000024   Code   RO         2488    i.HAL_RCC_GetPCLK2Freq  stm32h7xx_hal_rcc.o
    0x080046f4   0x080046f4   0x00000138   Code   RO         2489    i.HAL_RCC_GetSysClockFreq  stm32h7xx_hal_rcc.o
    0x0800482c   0x0800482c   0x00000530   Code   RO         2492    i.HAL_RCC_OscConfig  stm32h7xx_hal_rcc.o
    0x08004d5c   0x08004d5c   0x00000158   Code   RO         4858    i.HAL_SPI_Init      stm32h7xx_hal_spi.o
    0x08004eb4   0x08004eb4   0x000000d8   Code   RO          545    i.HAL_SPI_MspInit   spi.o
    0x08004f8c   0x08004f8c   0x000001ec   Code   RO         4861    i.HAL_SPI_Receive   stm32h7xx_hal_spi.o
    0x08005178   0x08005178   0x0000022e   Code   RO         4866    i.HAL_SPI_Transmit  stm32h7xx_hal_spi.o
    0x080053a6   0x080053a6   0x00000274   Code   RO         4867    i.HAL_SPI_TransmitReceive  stm32h7xx_hal_spi.o
    0x0800561a   0x0800561a   0x00000026   Code   RO         3823    i.HAL_SYSTICK_Config  stm32h7xx_hal_cortex.o
    0x08005640   0x08005640   0x00000002   Code   RO         5886    i.HAL_TIMEx_Break2Callback  stm32h7xx_hal_tim_ex.o
    0x08005642   0x08005642   0x00000002   Code   RO         5887    i.HAL_TIMEx_BreakCallback  stm32h7xx_hal_tim_ex.o
    0x08005644   0x08005644   0x00000002   Code   RO         5888    i.HAL_TIMEx_CommutCallback  stm32h7xx_hal_tim_ex.o
    0x08005646   0x08005646   0x00000002   PAD
    0x08005648   0x08005648   0x000000a4   Code   RO         5908    i.HAL_TIMEx_MasterConfigSynchronization  stm32h7xx_hal_tim_ex.o
    0x080056ec   0x080056ec   0x00000062   Code   RO         5172    i.HAL_TIM_Base_Init  stm32h7xx_hal_tim.o
    0x0800574e   0x0800574e   0x00000002   PAD
    0x08005750   0x08005750   0x00000088   Code   RO         1007    i.HAL_TIM_Base_MspInit  tim.o
    0x080057d8   0x080057d8   0x0000008c   Code   RO         5177    i.HAL_TIM_Base_Start_IT  stm32h7xx_hal_tim.o
    0x08005864   0x08005864   0x000000fc   Code   RO         5181    i.HAL_TIM_ConfigClockSource  stm32h7xx_hal_tim.o
    0x08005960   0x08005960   0x00000002   Code   RO         5206    i.HAL_TIM_IC_CaptureCallback  stm32h7xx_hal_tim.o
    0x08005962   0x08005962   0x00000182   Code   RO         5220    i.HAL_TIM_IRQHandler  stm32h7xx_hal_tim.o
    0x08005ae4   0x08005ae4   0x00000002   Code   RO         5223    i.HAL_TIM_OC_DelayElapsedCallback  stm32h7xx_hal_tim.o
    0x08005ae6   0x08005ae6   0x00000002   Code   RO         5250    i.HAL_TIM_PWM_PulseFinishedCallback  stm32h7xx_hal_tim.o
    0x08005ae8   0x08005ae8   0x000000d8   Code   RO           17    i.HAL_TIM_PeriodElapsedCallback  main.o
    0x08005bc0   0x08005bc0   0x00000002   Code   RO         5263    i.HAL_TIM_TriggerCallback  stm32h7xx_hal_tim.o
    0x08005bc2   0x08005bc2   0x00000040   Code   RO         6597    i.HAL_UARTEx_DisableFifoMode  stm32h7xx_hal_uart_ex.o
    0x08005c02   0x08005c02   0x00000002   Code   RO         6186    i.HAL_UARTEx_RxEventCallback  stm32h7xx_hal_uart.o
    0x08005c04   0x08005c04   0x00000002   Code   RO         6604    i.HAL_UARTEx_RxFifoFullCallback  stm32h7xx_hal_uart_ex.o
    0x08005c06   0x08005c06   0x0000004c   Code   RO         6605    i.HAL_UARTEx_SetRxFifoThreshold  stm32h7xx_hal_uart_ex.o
    0x08005c52   0x08005c52   0x0000004c   Code   RO         6606    i.HAL_UARTEx_SetTxFifoThreshold  stm32h7xx_hal_uart_ex.o
    0x08005c9e   0x08005c9e   0x00000002   Code   RO         6608    i.HAL_UARTEx_TxFifoEmptyCallback  stm32h7xx_hal_uart_ex.o
    0x08005ca0   0x08005ca0   0x00000002   Code   RO         6609    i.HAL_UARTEx_WakeupCallback  stm32h7xx_hal_uart_ex.o
    0x08005ca2   0x08005ca2   0x00000002   Code   RO         6202    i.HAL_UART_ErrorCallback  stm32h7xx_hal_uart.o
    0x08005ca4   0x08005ca4   0x00000360   Code   RO         6205    i.HAL_UART_IRQHandler  stm32h7xx_hal_uart.o
    0x08006004   0x08006004   0x0000006a   Code   RO         6206    i.HAL_UART_Init     stm32h7xx_hal_uart.o
    0x0800606e   0x0800606e   0x00000002   PAD
    0x08006070   0x08006070   0x000001e8   Code   RO          593    i.HAL_UART_MspInit  usart.o
    0x08006258   0x08006258   0x000000a8   Code   RO         6216    i.HAL_UART_Transmit_DMA  stm32h7xx_hal_uart.o
    0x08006300   0x08006300   0x0000007c   Code   RO          831    i.HAL_UART_TxCpltCallback  ads124s08.o
    0x0800637c   0x0800637c   0x00000002   Code   RO         6219    i.HAL_UART_TxHalfCpltCallback  stm32h7xx_hal_uart.o
    0x0800637e   0x0800637e   0x00000002   Code   RO          671    i.HardFault_Handler  stm32h7xx_it.o
    0x08006380   0x08006380   0x00000022   Code   RO         4317    i.I2C_Flush_TXDR    stm32h7xx_hal_i2c.o
    0x080063a2   0x080063a2   0x00000002   PAD
    0x080063a4   0x080063a4   0x00000120   Code   RO         4325    i.I2C_IsErrorOccurred  stm32h7xx_hal_i2c.o
    0x080064c4   0x080064c4   0x00000030   Code   RO         4332    i.I2C_TransferConfig  stm32h7xx_hal_i2c.o
    0x080064f4   0x080064f4   0x0000005a   Code   RO         4334    i.I2C_WaitOnFlagUntilTimeout  stm32h7xx_hal_i2c.o
    0x0800654e   0x0800654e   0x00000002   PAD
    0x08006550   0x08006550   0x0000009c   Code   RO         4335    i.I2C_WaitOnRXNEFlagUntilTimeout  stm32h7xx_hal_i2c.o
    0x080065ec   0x080065ec   0x0000004e   Code   RO         4336    i.I2C_WaitOnSTOPFlagUntilTimeout  stm32h7xx_hal_i2c.o
    0x0800663a   0x0800663a   0x00000052   Code   RO         4337    i.I2C_WaitOnTXISFlagUntilTimeout  stm32h7xx_hal_i2c.o
    0x0800668c   0x0800668c   0x000000b4   Code   RO         1831    i.IIS3DWBTR_ReadData  iis3dwb.o
    0x08006740   0x08006740   0x00000094   Code   RO         1832    i.IIS3DWB_GPIO_Init  iis3dwb.o
    0x080067d4   0x080067d4   0x00000008   Code   RO         2057    i.LL_ADC_INJ_IsConversionOngoing  stm32h7xx_hal_adc.o
    0x080067dc   0x080067dc   0x00000008   Code   RO         2058    i.LL_ADC_REG_IsConversionOngoing  stm32h7xx_hal_adc.o
    0x080067e4   0x080067e4   0x00000008   Code   RO         2280    i.LL_ADC_REG_IsConversionOngoing  stm32h7xx_hal_adc_ex.o
    0x080067ec   0x080067ec   0x00000010   Code   RO         2059    i.LL_ADC_REG_IsTriggerSourceSWStart  stm32h7xx_hal_adc.o
    0x080067fc   0x080067fc   0x0000001e   Code   RO         2061    i.LL_ADC_SetChannelSamplingTime  stm32h7xx_hal_adc.o
    0x0800681a   0x0800681a   0x00000002   PAD
    0x0800681c   0x0800681c   0x00000098   Code   RO          497    i.MX_ADC1_Init      adc.o
    0x080068b4   0x080068b4   0x0000002c   Code   RO          979    i.MX_DMA_Init       dma.o
    0x080068e0   0x080068e0   0x00000098   Code   RO          346    i.MX_GPIO_Init      gpio.o
    0x08006978   0x08006978   0x00000058   Code   RO         1988    i.MX_I2C2_Init      i2c.o
    0x080069d0   0x080069d0   0x00000060   Code   RO          546    i.MX_SPI1_Init      spi.o
    0x08006a30   0x08006a30   0x00000068   Code   RO          547    i.MX_SPI4_Init      spi.o
    0x08006a98   0x08006a98   0x00000034   Code   RO         1008    i.MX_TIM13_Init     tim.o
    0x08006acc   0x08006acc   0x0000004c   Code   RO         1009    i.MX_TIM6_Init      tim.o
    0x08006b18   0x08006b18   0x00000070   Code   RO         1010    i.MX_TIM8_Init      tim.o
    0x08006b88   0x08006b88   0x0000006c   Code   RO          594    i.MX_USART1_UART_Init  usart.o
    0x08006bf4   0x08006bf4   0x00000002   Code   RO          672    i.MemManage_Handler  stm32h7xx_it.o
    0x08006bf6   0x08006bf6   0x00000002   Code   RO          673    i.NMI_Handler       stm32h7xx_it.o
    0x08006bf8   0x08006bf8   0x00000002   Code   RO          674    i.PendSV_Handler    stm32h7xx_it.o
    0x08006bfa   0x08006bfa   0x00000028   Code   RO           19    i.PeriphCommonClock_Config  main.o
    0x08006c22   0x08006c22   0x00000002   PAD
    0x08006c24   0x08006c24   0x00000120   Code   RO         2607    i.RCCEx_PLL2_Config  stm32h7xx_hal_rcc_ex.o
    0x08006d44   0x08006d44   0x00000120   Code   RO         2608    i.RCCEx_PLL3_Config  stm32h7xx_hal_rcc_ex.o
    0x08006e64   0x08006e64   0x000000bc   Code   RO         4877    i.SPI_CloseTransfer  stm32h7xx_hal_spi.o
    0x08006f20   0x08006f20   0x00000042   Code   RO         4894    i.SPI_WaitOnFlagUntilTimeout  stm32h7xx_hal_spi.o
    0x08006f62   0x08006f62   0x00000002   Code   RO          675    i.SVC_Handler       stm32h7xx_it.o
    0x08006f64   0x08006f64   0x00000004   Code   RO          676    i.SysTick_Handler   stm32h7xx_it.o
    0x08006f68   0x08006f68   0x000000e4   Code   RO           20    i.SystemClock_Config  main.o
    0x0800704c   0x0800704c   0x000000dc   Code   RO         6740    i.SystemInit        system_stm32h7xx.o
    0x08007128   0x08007128   0x0000000c   Code   RO          677    i.TIM6_DAC_IRQHandler  stm32h7xx_it.o
    0x08007134   0x08007134   0x0000001c   Code   RO          678    i.TIM8_UP_TIM13_IRQHandler  stm32h7xx_it.o
    0x08007150   0x08007150   0x000000c4   Code   RO         5265    i.TIM_Base_SetConfig  stm32h7xx_hal_tim.o
    0x08007214   0x08007214   0x00000012   Code   RO         5276    i.TIM_ETR_SetConfig  stm32h7xx_hal_tim.o
    0x08007226   0x08007226   0x00000002   PAD
    0x08007228   0x08007228   0x00000014   Code   RO         5277    i.TIM_ITRx_SetConfig  stm32h7xx_hal_tim.o
    0x0800723c   0x0800723c   0x00000022   Code   RO         5285    i.TIM_TI1_ConfigInputStage  stm32h7xx_hal_tim.o
    0x0800725e   0x0800725e   0x00000024   Code   RO         5287    i.TIM_TI2_ConfigInputStage  stm32h7xx_hal_tim.o
    0x08007282   0x08007282   0x00000002   PAD
    0x08007284   0x08007284   0x0000002c   Code   RO         1937    i.TMP117_Get_Temp   tmp117.o
    0x080072b0   0x080072b0   0x00000040   Code   RO         1939    i.TMP117_Read       tmp117.o
    0x080072f0   0x080072f0   0x00000044   Code   RO         6610    i.UARTEx_SetNbDataToProcess  stm32h7xx_hal_uart_ex.o
    0x08007334   0x08007334   0x000000c8   Code   RO         6220    i.UART_AdvFeatureConfig  stm32h7xx_hal_uart.o
    0x080073fc   0x080073fc   0x00000060   Code   RO         6221    i.UART_CheckIdleState  stm32h7xx_hal_uart.o
    0x0800745c   0x0800745c   0x00000014   Code   RO         6222    i.UART_DMAAbortOnError  stm32h7xx_hal_uart.o
    0x08007470   0x08007470   0x0000004e   Code   RO         6223    i.UART_DMAError     stm32h7xx_hal_uart.o
    0x080074be   0x080074be   0x00000040   Code   RO         6228    i.UART_DMATransmitCplt  stm32h7xx_hal_uart.o
    0x080074fe   0x080074fe   0x0000000a   Code   RO         6230    i.UART_DMATxHalfCplt  stm32h7xx_hal_uart.o
    0x08007508   0x08007508   0x00000054   Code   RO         6232    i.UART_EndRxTransfer  stm32h7xx_hal_uart.o
    0x0800755c   0x0800755c   0x0000002e   Code   RO         6233    i.UART_EndTxTransfer  stm32h7xx_hal_uart.o
    0x0800758a   0x0800758a   0x00000002   PAD
    0x0800758c   0x0800758c   0x000003ac   Code   RO         6238    i.UART_SetConfig    stm32h7xx_hal_uart.o
    0x08007938   0x08007938   0x000000ca   Code   RO         6245    i.UART_WaitOnFlagUntilTimeout  stm32h7xx_hal_uart.o
    0x08007a02   0x08007a02   0x00000002   PAD
    0x08007a04   0x08007a04   0x0000000c   Code   RO          679    i.USART1_IRQHandler  stm32h7xx_it.o
    0x08007a10   0x08007a10   0x00000002   Code   RO          680    i.UsageFault_Handler  stm32h7xx_it.o
    0x08007a12   0x08007a12   0x00000022   Code   RO         3825    i.__NVIC_SetPriority  stm32h7xx_hal_cortex.o
    0x08007a34   0x08007a34   0x0000000e   Code   RO        12976    i.__scatterload_copy  mc_w.l(handlers.o)
    0x08007a42   0x08007a42   0x00000002   Code   RO        12977    i.__scatterload_null  mc_w.l(handlers.o)
    0x08007a44   0x08007a44   0x0000000e   Code   RO        12978    i.__scatterload_zeroinit  mc_w.l(handlers.o)
    0x08007a52   0x08007a52   0x0000002e   Code   RO         1182    i.iis3dwb_block_data_update_set  iis3dwb_reg.o
    0x08007a80   0x08007a80   0x0000000e   Code   RO         1187    i.iis3dwb_device_id_get  iis3dwb_reg.o
    0x08007a8e   0x08007a8e   0x00000002   PAD
    0x08007a90   0x08007a90   0x000000bc   Code   RO         1833    i.iis3dwb_fifo      iis3dwb.o
    0x08007b4c   0x08007b4c   0x0000002e   Code   RO         1190    i.iis3dwb_fifo_mode_set  iis3dwb_reg.o
    0x08007b7a   0x08007b7a   0x00000012   Code   RO         1191    i.iis3dwb_fifo_out_multi_raw_get  iis3dwb_reg.o
    0x08007b8c   0x08007b8c   0x00000052   Code   RO         1194    i.iis3dwb_fifo_status_get  iis3dwb_reg.o
    0x08007bde   0x08007bde   0x00000044   Code   RO         1202    i.iis3dwb_fifo_watermark_set  iis3dwb_reg.o
    0x08007c22   0x08007c22   0x0000002e   Code   RO         1204    i.iis3dwb_fifo_xl_batch_set  iis3dwb_reg.o
    0x08007c50   0x08007c50   0x0000002e   Code   RO         1216    i.iis3dwb_int_notification_set  iis3dwb_reg.o
    0x08007c7e   0x08007c7e   0x000000d8   Code   RO         1220    i.iis3dwb_pin_int1_route_set  iis3dwb_reg.o
    0x08007d56   0x08007d56   0x0000002e   Code   RO         1224    i.iis3dwb_pin_mode_set  iis3dwb_reg.o
    0x08007d84   0x08007d84   0x0000002e   Code   RO         1226    i.iis3dwb_pin_polarity_set  iis3dwb_reg.o
    0x08007db2   0x08007db2   0x00000018   Code   RO         1227    i.iis3dwb_read_reg  iis3dwb_reg.o
    0x08007dca   0x08007dca   0x0000001e   Code   RO         1228    i.iis3dwb_reset_get  iis3dwb_reg.o
    0x08007de8   0x08007de8   0x0000002e   Code   RO         1229    i.iis3dwb_reset_set  iis3dwb_reg.o
    0x08007e16   0x08007e16   0x00000018   Code   RO         1253    i.iis3dwb_write_reg  iis3dwb_reg.o
    0x08007e2e   0x08007e2e   0x0000002e   Code   RO         1257    i.iis3dwb_xl_data_rate_set  iis3dwb_reg.o
    0x08007e5c   0x08007e5c   0x00000068   Code   RO         1261    i.iis3dwb_xl_filt_path_on_out_set  iis3dwb_reg.o
    0x08007ec4   0x08007ec4   0x0000002e   Code   RO         1264    i.iis3dwb_xl_full_scale_set  iis3dwb_reg.o
    0x08007ef2   0x08007ef2   0x00000002   PAD
    0x08007ef4   0x08007ef4   0x0000000c   Code   RO         1901    i.iwdg_feed         wdg.o
    0x08007f00   0x08007f00   0x00000020   Code   RO         1902    i.iwdg_init         wdg.o
    0x08007f20   0x08007f20   0x0000007c   Code   RO           21    i.main              main.o
    0x08007f9c   0x08007f9c   0x00000004   Code   RO         1835    i.platform_delay    iis3dwb.o
    0x08007fa0   0x08007fa0   0x00000054   Code   RO         1836    i.platform_read     iis3dwb.o
    0x08007ff4   0x08007ff4   0x00000048   Code   RO         1837    i.platform_write    iis3dwb.o
    0x0800803c   0x0800803c   0x00000074   Code   RO          833    i.start_buffer_transmit  ads124s08.o
    0x080080b0   0x080080b0   0x00000008   Data   RO         3116    .constdata          stm32h7xx_hal_dma.o
    0x080080b8   0x080080b8   0x00000018   Data   RO         6246    .constdata          stm32h7xx_hal_uart.o
    0x080080d0   0x080080d0   0x00000010   Data   RO         6611    .constdata          stm32h7xx_hal_uart_ex.o
    0x080080e0   0x080080e0   0x00000010   Data   RO         6741    .constdata          system_stm32h7xx.o
    0x080080f0   0x080080f0   0x00000020   Data   RO        12974    Region$$Table       anon$$obj.o


    Execution Region RW_IRAM1 (Exec base: 0x20000000, Load base: 0x08008110, Size: 0x00000000, Max: 0x00020000, ABSOLUTE)

    **** No section assigned to this execution region ****


    Execution Region RW_IRAM2 (Exec base: 0x24000000, Load base: 0x08008110, Size: 0x00004d40, Max: 0x00080000, ABSOLUTE, COMPRESSED[0x000000c8])

    Exec Addr    Load Addr    Size         Type   Attr      Idx    E Section Name        Object

    0x24000000   COMPRESSED   0x00000002   Data   RW           23    .data               main.o
    0x24000002   COMPRESSED   0x00000002   PAD
    0x24000004   COMPRESSED   0x0000436d   Data   RW          837    .data               ads124s08.o
    0x24004371   COMPRESSED   0x00000001   Data   RW          844    .data               ads124s08.o
    0x24004372   COMPRESSED   0x00000001   Data   RW         1839    .data               iis3dwb.o
    0x24004373   COMPRESSED   0x00000001   Data   RW         1840    .data               iis3dwb.o
    0x24004374   COMPRESSED   0x00000013   Data   RW         1842    .data               iis3dwb.o
    0x24004387   COMPRESSED   0x00000001   PAD
    0x24004388   COMPRESSED   0x0000000c   Data   RW         3995    .data               stm32h7xx_hal.o
    0x24004394   COMPRESSED   0x00000008   Data   RW         6742    .data               system_stm32h7xx.o
    0x2400439c        -       0x00000064   Zero   RW          499    .bss                adc.o
    0x24004400        -       0x00000110   Zero   RW          548    .bss                spi.o
    0x24004510        -       0x000002a0   Zero   RW          600    .bss                usart.o
    0x240047b0        -       0x00000012   Zero   RW          834    .bss                ads124s08.o
    0x240047c2   COMPRESSED   0x00000002   PAD
    0x240047c4        -       0x000000e4   Zero   RW         1011    .bss                tim.o
    0x240048a8        -       0x00000038   Zero   RW         1838    .bss                iis3dwb.o
    0x240048e0        -       0x00000010   Zero   RW         1903    .bss                wdg.o
    0x240048f0        -       0x0000004c   Zero   RW         1989    .bss                i2c.o
    0x2400493c   COMPRESSED   0x00000004   PAD
    0x24004940        -       0x00000400   Zero   RW            1    STACK               startup_stm32h750xx.o


==============================================================================

Image component sizes


      Code (inc. data)   RO Data    RW Data    ZI Data      Debug   Object Name

       296         26          0          0        100       2111   adc.o
      1406        136          0      17262         18      49337   ads124s08.o
        44          4          0          0          0        886   dma.o
       152          6          0          0          0    1347484   gpio.o
       216         24          0          0         76       1973   i2c.o
       676         56          0         21         56       5494   iis3dwb.o
       994          0          0          0          0      24834   iis3dwb_reg.o
       692         72          0          2          0    1326546   main.o
       416         36          0          0        272       2798   spi.o
        36          8        664          0       1024        872   startup_stm32h750xx.o
       232         44          0         12          0      23796   stm32h7xx_hal.o
      2522        168          0          0          0      72284   stm32h7xx_hal_adc.o
       314         22          0          0          0      66108   stm32h7xx_hal_adc_ex.o
       198         12          0          0          0      39923   stm32h7xx_hal_cortex.o
      5988        246          8          0          0      12394   stm32h7xx_hal_dma.o
       590         50          0          0          0       3039   stm32h7xx_hal_gpio.o
      1544         38          0          0          0      11814   stm32h7xx_hal_i2c.o
       172          0          0          0          0       2123   stm32h7xx_hal_i2c_ex.o
       114          0          0          0          0       2075   stm32h7xx_hal_iwdg.o
        28          6          0          0          0        918   stm32h7xx_hal_msp.o
        84          6          0          0          0        841   stm32h7xx_hal_pwr_ex.o
      2384        108          0          0          0       7400   stm32h7xx_hal_rcc.o
      4466        172          0          0          0      10831   stm32h7xx_hal_rcc_ex.o
      2276         14          0          0          0       8306   stm32h7xx_hal_spi.o
      1188         84          0          0          0      10965   stm32h7xx_hal_tim.o
       170         30          0          0          0       3352   stm32h7xx_hal_tim_ex.o
      2884        152         24          0          0      34132   stm32h7xx_hal_uart.o
       290          6         16          0          0       5810   stm32h7xx_hal_uart_ex.o
       116         34          0          0          0       8895   stm32h7xx_it.o
       220         40         16          8          0       1534   system_stm32h7xx.o
       376         46          0          0        228       3334   tim.o
       108         12          0          0          0       1887   tmp117.o
       596         44          0          0        672       2654   usart.o
        44         14          0          0         16       1364   wdg.o

    ----------------------------------------------------------------------
     31874       1716        760      17308       2468    3098114   Object Totals
         0          0         32          0          0          0   (incl. Generated)
        42          0          0          3          6          0   (incl. Padding)

    ----------------------------------------------------------------------

      Code (inc. data)   RO Data    RW Data    ZI Data      Debug   Library Member Name

        86          0          0          0          0          0   __dczerorl2.o
         0          0          0          0          0          0   entry.o
         0          0          0          0          0          0   entry10a.o
         0          0          0          0          0          0   entry11a.o
         8          4          0          0          0          0   entry2.o
         4          0          0          0          0          0   entry5.o
         0          0          0          0          0          0   entry7b.o
         0          0          0          0          0          0   entry8b.o
         8          4          0          0          0          0   entry9a.o
        30          0          0          0          0          0   handlers.o
        36          8          0          0          0         68   init.o
        30          0          0          0          0         68   llshl.o
        32          0          0          0          0         68   llushr.o
        36          0          0          0          0         68   memcpya.o
        36          0          0          0          0        108   memseta.o
        98          0          0          0          0         92   uldiv.o

    ----------------------------------------------------------------------
       406         16          0          0          0        472   Library Totals
         2          0          0          0          0          0   (incl. Padding)

    ----------------------------------------------------------------------

      Code (inc. data)   RO Data    RW Data    ZI Data      Debug   Library Name

       404         16          0          0          0        472   mc_w.l

    ----------------------------------------------------------------------
       406         16          0          0          0        472   Library Totals

    ----------------------------------------------------------------------

==============================================================================


      Code (inc. data)   RO Data    RW Data    ZI Data      Debug   

     32280       1732        760      17308       2468    3080014   Grand Totals
     32280       1732        760        200       2468    3080014   ELF Image Totals (compressed)
     32280       1732        760        200          0          0   ROM Totals

==============================================================================

    Total RO  Size (Code + RO Data)                33040 (  32.27kB)
    Total RW  Size (RW Data + ZI Data)             19776 (  19.31kB)
    Total ROM Size (Code + RO Data + RW Data)      33240 (  32.46kB)

==============================================================================

